nohup: ignoring input
starting at Mon 26 Feb 2024 01:24:56 PM EST

real	19m33.113s
user	4m42.847s
sys	0m0.757s

real	19m50.419s
user	4m43.118s
sys	0m0.725s

real	20m13.635s
user	4m47.515s
sys	0m0.688s

real	20m16.894s
user	4m48.473s
sys	0m0.631s

real	21m24.392s
user	5m13.755s
sys	0m0.623s

real	21m37.222s
user	5m11.043s
sys	0m0.823s

real	21m38.912s
user	5m12.481s
sys	0m0.592s

real	21m55.066s
user	5m14.567s
sys	0m0.637s

real	21m56.797s
user	5m13.969s
sys	0m0.704s

real	22m3.922s
user	5m11.424s
sys	0m0.667s

real	22m11.312s
user	5m21.456s
sys	0m0.655s

real	22m17.499s
user	5m19.711s
sys	0m0.630s

real	22m26.183s
user	5m23.785s
sys	0m0.531s

real	22m28.457s
user	5m21.234s
sys	0m0.628s

real	22m30.680s
user	5m22.415s
sys	0m0.768s

real	22m36.127s
user	5m27.510s
sys	0m0.813s

real	22m38.321s
user	5m31.348s
sys	0m0.723s

real	22m39.996s
user	5m34.663s
sys	0m0.745s

real	23m3.337s
user	5m32.413s
sys	0m0.548s

real	23m9.560s
user	5m35.421s
sys	0m0.690s

real	23m10.081s
user	5m31.445s
sys	0m0.656s

real	23m26.153s
user	5m49.842s
sys	0m0.783s

real	23m26.320s
user	5m38.338s
sys	0m0.737s

real	23m56.533s
user	5m56.991s
sys	0m0.767s

real	23m56.947s
user	5m48.887s
sys	0m0.808s

real	24m0.526s
user	5m50.187s
sys	0m0.629s

real	24m0.958s
user	5m57.129s
sys	0m0.803s

real	24m1.201s
user	5m51.010s
sys	0m0.767s

real	24m1.376s
user	5m48.863s
sys	0m0.635s

real	24m10.260s
user	5m50.415s
sys	0m0.724s

real	24m14.364s
user	6m1.433s
sys	0m0.689s

real	24m17.900s
user	5m54.298s
sys	0m0.711s

real	24m20.938s
user	6m0.486s
sys	0m0.801s

real	24m31.713s
user	6m0.055s
sys	0m0.640s

real	24m36.525s
user	6m4.544s
sys	0m0.665s

real	24m37.480s
user	6m6.050s
sys	0m1.040s

real	24m46.280s
user	6m3.736s
sys	0m0.627s

real	24m49.404s
user	6m6.009s
sys	0m0.636s

real	24m51.555s
user	6m11.190s
sys	0m0.820s

real	25m5.265s
user	6m18.202s
sys	0m0.662s

real	25m6.811s
user	6m18.241s
sys	0m0.675s

real	25m9.213s
user	6m15.225s
sys	0m0.632s

real	25m11.098s
user	6m18.679s
sys	0m0.684s

real	25m11.738s
user	6m19.062s
sys	0m0.660s

real	25m13.121s
user	6m15.921s
sys	0m0.756s

real	25m15.352s
user	6m20.010s
sys	0m0.672s

real	25m15.504s
user	6m16.004s
sys	0m0.612s

real	25m15.909s
user	6m21.538s
sys	0m0.664s

real	25m16.959s
user	6m21.987s
sys	0m0.728s

real	25m17.542s
user	6m19.456s
sys	0m0.652s

real	25m21.508s
user	6m20.880s
sys	0m0.908s

real	25m28.352s
user	6m26.399s
sys	0m0.799s

real	25m35.093s
user	6m27.282s
sys	0m0.719s

real	25m37.468s
user	6m26.756s
sys	0m0.804s

real	25m47.360s
user	6m37.575s
sys	0m0.884s

real	25m51.308s
user	6m38.880s
sys	0m0.704s

real	25m51.324s
user	6m38.444s
sys	0m0.814s

real	25m57.125s
user	6m40.455s
sys	0m0.608s

real	26m10.900s
user	6m54.952s
sys	0m0.827s

real	26m17.415s
user	6m59.122s
sys	0m0.685s

real	26m21.879s
user	6m54.119s
sys	0m0.724s

real	26m23.753s
user	6m57.396s
sys	0m0.724s

real	26m24.054s
user	6m56.293s
sys	0m0.706s

real	26m27.212s
user	7m0.818s
sys	0m0.540s

real	26m34.856s
user	7m4.241s
sys	0m0.711s

real	26m35.730s
user	7m12.006s
sys	0m0.920s

real	26m42.495s
user	7m2.203s
sys	0m0.612s

real	26m42.898s
user	7m7.488s
sys	0m0.895s

real	26m44.582s
user	7m9.325s
sys	0m0.745s

real	26m52.919s
user	7m13.797s
sys	0m0.676s

real	26m57.783s
user	7m26.090s
sys	0m0.708s

real	26m58.380s
user	7m20.005s
sys	0m0.636s

real	27m5.620s
user	7m24.607s
sys	0m1.004s

real	27m7.872s
user	7m25.335s
sys	0m0.763s

real	27m15.222s
user	7m43.638s
sys	0m0.861s

real	27m17.044s
user	7m40.600s
sys	0m0.788s

real	27m18.820s
user	7m42.700s
sys	0m0.695s

real	27m19.390s
user	7m38.733s
sys	0m0.584s

real	27m19.602s
user	7m39.359s
sys	0m0.905s

real	27m20.952s
user	7m40.959s
sys	0m0.828s

real	27m23.751s
user	7m42.861s
sys	0m0.659s

real	27m26.034s
user	7m45.492s
sys	0m0.720s

real	27m26.017s
user	7m40.963s
sys	0m0.640s

real	27m26.220s
user	7m47.317s
sys	0m0.860s

real	27m28.440s
user	7m49.231s
sys	0m0.691s

real	27m31.216s
user	7m52.251s
sys	0m0.792s

real	27m31.424s
user	7m52.362s
sys	0m0.740s

real	27m34.470s
user	7m57.286s
sys	0m0.716s

real	27m35.714s
user	7m58.248s
sys	0m0.808s

real	27m36.157s
user	7m54.903s
sys	0m0.732s

real	27m36.208s
user	8m3.285s
sys	0m1.027s

real	27m36.282s
user	7m59.887s
sys	0m0.856s

real	27m36.371s
user	8m3.887s
sys	0m0.793s

real	27m36.465s
user	7m55.995s
sys	0m0.931s

real	27m36.667s
user	7m47.546s
sys	0m0.720s

real	27m36.724s
user	8m3.077s
sys	0m0.929s

real	27m37.401s
user	7m57.543s
sys	0m0.801s

real	27m38.689s
user	7m55.588s
sys	0m0.715s

real	27m41.656s
user	7m57.141s
sys	0m0.770s

real	27m41.959s
user	8m0.306s
sys	0m0.848s
sine_mpc_dense 100 done at Mon 26 Feb 2024 01:52:38 PM EST

real	20m50.085s
user	5m0.436s
sys	0m0.551s

real	20m59.480s
user	4m58.579s
sys	0m0.600s

real	21m17.354s
user	5m7.404s
sys	0m0.768s

real	21m19.802s
user	5m8.378s
sys	0m0.621s

real	21m20.544s
user	5m5.226s
sys	0m0.659s

real	21m20.971s
user	5m5.179s
sys	0m0.620s

real	21m24.442s
user	5m10.443s
sys	0m0.644s

real	21m55.359s
user	5m13.096s
sys	0m0.695s

real	21m57.346s
user	5m15.044s
sys	0m0.648s

real	22m8.025s
user	5m15.579s
sys	0m0.748s

real	22m16.122s
user	5m22.225s
sys	0m0.567s

real	22m19.228s
user	5m23.199s
sys	0m0.790s

real	22m22.011s
user	5m22.533s
sys	0m0.676s

real	22m22.500s
user	5m21.251s
sys	0m0.652s

real	22m24.038s
user	5m24.644s
sys	0m0.691s

real	22m25.412s
user	5m23.581s
sys	0m0.738s

real	22m27.997s
user	5m22.250s
sys	0m0.661s

real	22m35.885s
user	5m28.476s
sys	0m0.559s

real	22m37.125s
user	5m26.682s
sys	0m0.800s

real	22m39.274s
user	5m22.759s
sys	0m0.625s

real	22m44.316s
user	5m24.933s
sys	0m0.609s

real	22m44.524s
user	5m27.339s
sys	0m0.700s

real	22m50.033s
user	5m34.296s
sys	0m0.560s

real	22m50.183s
user	5m25.757s
sys	0m0.691s

real	23m8.048s
user	5m37.709s
sys	0m0.820s

real	23m12.468s
user	5m38.974s
sys	0m0.632s

real	23m13.844s
user	5m38.111s
sys	0m0.820s

real	23m23.209s
user	5m39.519s
sys	0m0.660s

real	23m49.896s
user	5m50.398s
sys	0m0.719s

real	23m50.110s
user	5m49.935s
sys	0m0.616s

real	23m56.741s
user	5m46.181s
sys	0m0.700s

real	23m58.170s
user	5m49.575s
sys	0m0.596s

real	24m10.257s
user	5m57.216s
sys	0m0.896s

real	24m10.363s
user	5m54.546s
sys	0m0.669s

real	24m43.362s
user	6m8.859s
sys	0m0.784s

real	24m44.158s
user	6m9.096s
sys	0m0.761s

real	24m48.097s
user	6m12.269s
sys	0m0.816s

real	25m1.264s
user	6m14.489s
sys	0m0.685s

real	25m3.862s
user	6m16.972s
sys	0m0.789s

real	25m9.007s
user	6m18.408s
sys	0m0.644s

real	25m54.068s
user	6m39.812s
sys	0m0.660s

real	26m0.876s
user	6m40.562s
sys	0m0.688s

real	26m15.725s
user	6m47.138s
sys	0m0.796s

real	26m16.006s
user	6m40.151s
sys	0m0.524s

real	26m16.478s
user	6m46.130s
sys	0m0.706s

real	26m23.007s
user	6m47.158s
sys	0m0.843s

real	26m27.565s
user	6m50.488s
sys	0m0.857s

real	26m35.468s
user	6m51.059s
sys	0m0.794s

real	26m37.185s
user	6m58.698s
sys	0m0.847s

real	26m38.848s
user	6m59.844s
sys	0m0.840s

real	26m39.975s
user	6m55.840s
sys	0m0.703s

real	26m41.050s
user	6m56.886s
sys	0m0.703s

real	26m41.839s
user	6m55.692s
sys	0m0.651s

real	26m43.564s
user	6m57.985s
sys	0m1.000s

real	26m45.462s
user	6m59.412s
sys	0m0.785s

real	26m47.132s
user	6m57.638s
sys	0m0.716s

real	26m48.686s
user	7m6.543s
sys	0m0.743s

real	26m50.836s
user	7m0.493s
sys	0m0.691s

real	26m51.956s
user	6m58.420s
sys	0m0.767s

real	26m54.704s
user	7m7.247s
sys	0m0.738s

real	26m56.977s
user	7m12.007s
sys	0m0.699s

real	26m57.648s
user	6m58.409s
sys	0m0.908s

real	27m0.632s
user	7m0.426s
sys	0m0.672s

real	27m1.655s
user	7m8.675s
sys	0m0.861s

real	27m3.492s
user	7m7.762s
sys	0m0.801s

real	27m7.244s
user	7m10.056s
sys	0m0.635s

real	27m8.250s
user	7m10.171s
sys	0m0.696s

real	27m10.891s
user	7m19.009s
sys	0m0.580s

real	27m40.647s
user	7m38.416s
sys	0m0.852s

real	27m43.845s
user	7m34.684s
sys	0m0.814s

real	27m46.465s
user	7m39.572s
sys	0m0.559s

real	27m49.415s
user	7m50.458s
sys	0m0.803s

real	27m50.400s
user	7m45.269s
sys	0m0.632s

real	27m54.639s
user	7m44.833s
sys	0m0.716s

real	27m56.654s
user	7m54.041s
sys	0m0.772s

real	27m58.897s
user	7m49.401s
sys	0m0.658s

real	27m59.456s
user	7m52.749s
sys	0m0.699s

real	28m5.939s
user	8m0.468s
sys	0m0.719s

real	28m6.982s
user	8m4.035s
sys	0m0.809s

real	28m7.839s
user	7m58.919s
sys	0m0.685s

real	28m8.944s
user	8m2.875s
sys	0m0.851s

real	28m13.390s
user	8m6.868s
sys	0m0.692s

real	28m16.134s
user	8m10.288s
sys	0m0.869s

real	28m17.237s
user	8m10.374s
sys	0m0.761s

real	28m18.242s
user	8m15.585s
sys	0m0.776s

real	28m18.752s
user	8m17.773s
sys	0m0.812s

real	28m19.931s
user	8m10.247s
sys	0m0.818s

real	28m20.525s
user	8m15.037s
sys	0m0.624s

real	28m21.175s
user	8m16.293s
sys	0m0.712s

real	28m24.002s
user	8m19.637s
sys	0m0.648s

real	28m24.935s
user	8m20.462s
sys	0m0.856s

real	28m25.099s
user	8m18.772s
sys	0m0.879s

real	28m25.453s
user	8m20.294s
sys	0m0.747s

real	28m26.827s
user	8m22.238s
sys	0m0.863s

real	28m26.950s
user	8m13.964s
sys	0m0.786s

real	28m27.699s
user	8m20.013s
sys	0m0.785s

real	28m28.353s
user	8m21.998s
sys	0m0.797s

real	28m28.649s
user	8m19.899s
sys	0m0.654s

real	28m31.007s
user	8m19.102s
sys	0m0.652s

real	28m33.970s
user	8m25.283s
sys	0m0.835s
sine_mpc_dense 200 done at Mon 26 Feb 2024 02:21:12 PM EST

real	19m36.429s
user	4m43.207s
sys	0m0.671s

real	19m47.738s
user	4m45.447s
sys	0m0.680s

real	19m51.448s
user	4m44.566s
sys	0m0.595s

real	19m59.663s
user	4m46.925s
sys	0m0.636s

real	20m11.530s
user	4m55.934s
sys	0m0.787s

real	20m14.883s
user	4m51.350s
sys	0m0.736s

real	20m31.060s
user	4m55.076s
sys	0m0.673s

real	20m35.754s
user	4m56.039s
sys	0m0.676s

real	20m37.939s
user	4m57.444s
sys	0m0.731s

real	20m41.540s
user	4m56.770s
sys	0m0.656s

real	20m42.952s
user	4m51.387s
sys	0m0.543s

real	20m59.071s
user	4m56.819s
sys	0m0.724s

real	21m16.449s
user	5m3.812s
sys	0m0.700s

real	21m17.590s
user	5m11.449s
sys	0m0.677s

real	21m20.486s
user	5m5.353s
sys	0m0.598s

real	21m27.262s
user	5m10.625s
sys	0m0.608s

real	21m27.977s
user	5m12.649s
sys	0m0.764s

real	21m33.153s
user	5m13.892s
sys	0m0.762s

real	21m38.949s
user	5m10.616s
sys	0m0.651s

real	21m46.964s
user	5m14.204s
sys	0m0.664s

real	21m59.848s
user	5m21.270s
sys	0m0.605s

real	22m9.008s
user	5m25.286s
sys	0m0.711s

real	22m18.040s
user	5m27.099s
sys	0m0.781s

real	22m33.885s
user	5m33.265s
sys	0m0.675s

real	22m48.164s
user	5m35.500s
sys	0m0.723s

real	22m55.266s
user	5m31.793s
sys	0m0.624s

real	23m25.364s
user	5m54.687s
sys	0m0.783s

real	23m33.168s
user	5m45.482s
sys	0m0.515s

real	23m36.399s
user	5m49.831s
sys	0m0.691s

real	23m39.638s
user	5m53.364s
sys	0m0.629s

real	23m42.981s
user	5m48.231s
sys	0m0.671s

real	24m0.088s
user	5m58.482s
sys	0m0.731s

real	24m14.098s
user	5m57.388s
sys	0m0.703s

real	24m15.409s
user	6m4.588s
sys	0m0.749s

real	24m15.407s
user	5m55.115s
sys	0m0.544s

real	24m20.778s
user	6m2.702s
sys	0m0.720s

real	24m22.660s
user	6m4.123s
sys	0m0.651s

real	24m25.083s
user	6m0.194s
sys	0m0.716s

real	24m25.424s
user	6m3.256s
sys	0m0.668s

real	24m26.182s
user	6m1.552s
sys	0m0.764s

real	24m54.893s
user	6m23.881s
sys	0m0.685s

real	25m20.521s
user	6m30.450s
sys	0m0.839s

real	25m22.747s
user	6m30.947s
sys	0m0.743s

real	25m22.862s
user	6m26.845s
sys	0m0.779s

real	25m27.089s
user	6m27.805s
sys	0m0.663s

real	25m27.996s
user	6m26.749s
sys	0m0.915s

real	25m31.494s
user	6m26.812s
sys	0m0.552s

real	25m32.284s
user	6m31.901s
sys	0m0.788s

real	25m34.566s
user	6m24.860s
sys	0m0.671s

real	25m48.956s
user	6m47.419s
sys	0m0.627s

real	25m49.954s
user	6m42.781s
sys	0m0.675s

real	25m51.044s
user	6m45.091s
sys	0m0.672s

real	25m51.259s
user	6m47.890s
sys	0m0.675s

real	25m52.916s
user	6m35.547s
sys	0m0.831s

real	25m53.722s
user	6m45.452s
sys	0m0.737s

real	25m55.367s
user	6m41.473s
sys	0m0.928s

real	26m0.685s
user	6m42.100s
sys	0m0.847s

real	26m13.485s
user	6m47.039s
sys	0m0.779s

real	26m39.742s
user	7m13.210s
sys	0m0.847s

real	26m55.118s
user	7m12.076s
sys	0m0.800s

real	27m6.192s
user	7m30.714s
sys	0m0.729s

real	27m21.539s
user	7m45.336s
sys	0m0.664s

real	27m22.277s
user	7m31.887s
sys	0m0.747s

real	27m23.957s
user	7m33.034s
sys	0m0.679s

real	27m28.151s
user	7m32.449s
sys	0m0.963s

real	27m29.203s
user	7m35.992s
sys	0m0.759s

real	27m30.817s
user	7m37.986s
sys	0m0.775s

real	27m33.840s
user	7m47.014s
sys	0m0.755s

real	27m34.103s
user	7m35.174s
sys	0m0.663s

real	27m37.430s
user	7m48.278s
sys	0m0.640s

real	27m37.611s
user	7m43.726s
sys	0m0.632s

real	27m41.094s
user	7m39.243s
sys	0m0.759s

real	27m41.158s
user	7m35.142s
sys	0m0.803s

real	27m41.631s
user	7m38.435s
sys	0m0.739s

real	27m43.190s
user	7m45.150s
sys	0m0.639s

real	27m44.945s
user	7m42.481s
sys	0m0.675s

real	27m45.154s
user	7m40.487s
sys	0m0.680s

real	27m45.617s
user	7m42.120s
sys	0m0.760s

real	27m48.012s
user	7m45.593s
sys	0m0.853s

real	27m50.064s
user	7m55.978s
sys	0m0.795s

real	27m52.269s
user	7m59.808s
sys	0m0.691s

real	27m52.549s
user	8m3.568s
sys	0m0.749s

real	27m52.899s
user	7m55.721s
sys	0m0.689s

real	27m52.995s
user	7m55.634s
sys	0m0.603s

real	27m53.809s
user	7m57.070s
sys	0m0.767s

real	27m54.698s
user	7m47.325s
sys	0m0.679s

real	27m57.660s
user	8m2.115s
sys	0m0.675s

real	27m58.115s
user	7m58.244s
sys	0m0.616s

real	27m58.321s
user	7m51.730s
sys	0m0.803s

real	28m1.271s
user	8m2.398s
sys	0m0.712s

real	28m2.255s
user	8m5.513s
sys	0m0.795s

real	28m3.923s
user	8m7.454s
sys	0m0.875s

real	28m4.066s
user	8m4.736s
sys	0m0.843s

real	28m5.177s
user	8m7.865s
sys	0m0.823s

real	28m9.310s
user	8m19.591s
sys	0m0.691s

real	28m13.238s
user	8m19.495s
sys	0m0.807s

real	28m13.407s
user	8m16.552s
sys	0m0.915s

real	28m13.881s
user	8m18.195s
sys	0m0.700s

real	28m18.201s
user	8m20.272s
sys	0m0.719s

real	28m18.820s
user	8m14.876s
sys	0m0.686s
sine_mpc_dense 300 done at Mon 26 Feb 2024 02:49:31 PM EST

real	6m44.888s
user	1m40.340s
sys	0m0.668s

real	6m54.720s
user	1m39.350s
sys	0m0.560s

real	6m59.155s
user	1m40.564s
sys	0m0.580s

real	7m0.610s
user	1m42.379s
sys	0m0.620s

real	7m5.816s
user	1m41.896s
sys	0m0.669s

real	7m6.505s
user	1m40.122s
sys	0m0.520s

real	7m9.928s
user	1m41.969s
sys	0m0.582s

real	7m10.896s
user	1m41.791s
sys	0m0.711s

real	7m29.924s
user	1m47.509s
sys	0m0.559s

real	7m30.584s
user	1m49.654s
sys	0m0.668s

real	7m33.276s
user	1m47.725s
sys	0m0.588s

real	7m41.452s
user	1m54.460s
sys	0m0.660s

real	7m44.860s
user	1m50.449s
sys	0m0.741s

real	7m55.280s
user	1m55.932s
sys	0m0.738s

real	7m59.716s
user	1m56.706s
sys	0m0.669s

real	8m1.897s
user	1m53.391s
sys	0m0.545s

real	8m11.646s
user	1m58.643s
sys	0m0.536s

real	8m14.594s
user	2m0.817s
sys	0m0.736s

real	8m14.750s
user	1m59.640s
sys	0m0.660s

real	8m17.611s
user	2m0.364s
sys	0m0.616s

real	8m18.175s
user	2m3.335s
sys	0m0.680s

real	8m18.308s
user	2m2.602s
sys	0m0.585s

real	8m27.863s
user	2m2.885s
sys	0m0.575s

real	8m28.096s
user	2m3.146s
sys	0m0.660s

real	8m28.448s
user	2m5.083s
sys	0m0.668s

real	8m28.940s
user	2m6.560s
sys	0m0.564s

real	8m32.249s
user	2m5.769s
sys	0m0.521s

real	8m32.388s
user	2m4.193s
sys	0m0.524s

real	8m36.288s
user	2m10.251s
sys	0m0.564s

real	8m36.462s
user	2m8.211s
sys	0m0.579s

real	8m36.503s
user	2m9.886s
sys	0m0.632s

real	8m38.378s
user	2m5.908s
sys	0m0.537s

real	8m39.100s
user	2m8.349s
sys	0m0.547s

real	8m39.101s
user	2m8.766s
sys	0m0.559s

real	8m39.858s
user	2m8.059s
sys	0m0.549s

real	8m40.949s
user	2m8.834s
sys	0m0.561s

real	8m41.268s
user	2m9.987s
sys	0m0.822s

real	8m45.117s
user	2m8.533s
sys	0m0.580s

real	8m45.364s
user	2m12.621s
sys	0m0.616s

real	8m47.145s
user	2m10.007s
sys	0m0.688s

real	8m47.539s
user	2m10.950s
sys	0m0.687s

real	8m48.867s
user	2m13.628s
sys	0m0.677s

real	8m52.440s
user	2m11.325s
sys	0m0.577s

real	8m57.474s
user	2m14.829s
sys	0m0.560s

real	8m57.820s
user	2m14.946s
sys	0m0.632s

real	8m58.770s
user	2m17.902s
sys	0m0.629s

real	9m0.808s
user	2m16.808s
sys	0m0.624s

real	9m2.135s
user	2m17.541s
sys	0m0.547s

real	9m2.419s
user	2m14.311s
sys	0m0.632s

real	9m5.804s
user	2m17.835s
sys	0m0.557s

real	9m10.729s
user	2m22.593s
sys	0m0.608s

real	9m12.128s
user	2m22.114s
sys	0m0.632s

real	9m13.729s
user	2m23.506s
sys	0m0.637s

real	9m15.873s
user	2m23.487s
sys	0m0.506s

real	9m18.051s
user	2m22.784s
sys	0m0.552s

real	9m19.055s
user	2m23.042s
sys	0m0.609s

real	9m24.682s
user	2m31.307s
sys	0m0.575s

real	9m27.348s
user	2m30.356s
sys	0m0.679s

real	9m27.548s
user	2m33.335s
sys	0m0.572s

real	9m30.320s
user	2m34.916s
sys	0m0.564s

real	9m30.892s
user	2m29.889s
sys	0m0.620s

real	9m32.170s
user	2m33.468s
sys	0m0.631s

real	9m32.202s
user	2m31.591s
sys	0m0.552s

real	9m34.431s
user	2m34.561s
sys	0m0.716s

real	9m34.820s
user	2m33.710s
sys	0m0.584s

real	9m35.804s
user	2m36.868s
sys	0m0.627s

real	9m36.178s
user	2m36.134s
sys	0m0.665s

real	9m36.403s
user	2m32.948s
sys	0m0.623s

real	9m36.445s
user	2m30.637s
sys	0m0.640s

real	9m36.518s
user	2m34.941s
sys	0m0.524s

real	9m36.904s
user	2m35.893s
sys	0m0.687s

real	9m37.122s
user	2m35.037s
sys	0m0.610s

real	9m37.161s
user	2m34.666s
sys	0m0.664s

real	9m38.033s
user	2m36.326s
sys	0m0.673s

real	9m38.832s
user	2m36.594s
sys	0m0.684s

real	9m38.882s
user	2m36.791s
sys	0m0.536s

real	9m40.339s
user	2m39.410s
sys	0m0.680s

real	9m40.646s
user	2m39.047s
sys	0m0.547s

real	9m40.811s
user	2m43.236s
sys	0m0.531s

real	9m43.660s
user	2m45.062s
sys	0m0.692s

real	9m44.621s
user	2m45.870s
sys	0m0.600s

real	9m44.630s
user	2m44.102s
sys	0m0.580s

real	9m46.272s
user	2m45.235s
sys	0m0.631s

real	9m46.413s
user	2m45.164s
sys	0m0.728s

real	9m46.886s
user	2m45.570s
sys	0m0.663s

real	9m46.974s
user	2m46.601s
sys	0m0.720s

real	9m46.962s
user	2m45.635s
sys	0m0.600s

real	9m47.119s
user	2m46.723s
sys	0m0.596s

real	9m47.503s
user	2m43.570s
sys	0m0.637s

real	9m47.643s
user	2m48.290s
sys	0m0.671s

real	9m47.830s
user	2m47.510s
sys	0m0.656s

real	9m48.169s
user	2m49.661s
sys	0m0.684s

real	9m48.255s
user	2m49.801s
sys	0m0.704s

real	9m48.376s
user	2m49.989s
sys	0m0.572s

real	9m48.411s
user	2m46.284s
sys	0m0.564s

real	9m48.552s
user	2m45.891s
sys	0m0.624s

real	9m48.995s
user	2m49.874s
sys	0m0.635s

real	9m49.231s
user	2m45.601s
sys	0m0.527s

real	9m49.368s
user	2m46.474s
sys	0m0.628s

real	9m49.842s
user	2m48.334s
sys	0m0.524s
triangle_mpc_dense 100 done at Mon 26 Feb 2024 02:59:21 PM EST

real	7m1.545s
user	1m43.019s
sys	0m0.728s

real	7m7.185s
user	1m43.234s
sys	0m0.632s

real	7m24.667s
user	1m44.962s
sys	0m0.663s

real	7m28.194s
user	1m44.985s
sys	0m0.627s

real	7m29.646s
user	1m48.032s
sys	0m0.612s

real	7m33.524s
user	1m49.873s
sys	0m0.692s

real	7m39.416s
user	1m48.950s
sys	0m0.635s

real	7m42.084s
user	1m52.058s
sys	0m0.596s

real	7m42.624s
user	1m50.505s
sys	0m0.474s

real	7m44.567s
user	1m49.342s
sys	0m0.613s

real	7m44.644s
user	1m51.775s
sys	0m0.579s

real	7m46.144s
user	1m51.283s
sys	0m0.576s

real	7m47.991s
user	1m51.604s
sys	0m0.774s

real	7m51.020s
user	1m52.888s
sys	0m0.573s

real	7m55.597s
user	1m53.986s
sys	0m0.764s

real	7m55.672s
user	1m55.878s
sys	0m0.596s

real	7m57.176s
user	1m54.380s
sys	0m0.641s

real	8m0.629s
user	1m55.195s
sys	0m0.624s

real	8m1.549s
user	1m54.884s
sys	0m0.596s

real	8m2.608s
user	1m57.170s
sys	0m0.663s

real	8m6.561s
user	1m56.458s
sys	0m0.592s

real	8m6.969s
user	1m56.319s
sys	0m0.624s

real	8m7.065s
user	1m58.063s
sys	0m0.638s

real	8m11.736s
user	2m1.666s
sys	0m0.584s

real	8m14.201s
user	1m58.409s
sys	0m0.580s

real	8m14.389s
user	2m2.455s
sys	0m0.690s

real	8m14.779s
user	2m1.963s
sys	0m0.611s

real	8m20.851s
user	2m2.546s
sys	0m0.752s

real	8m21.177s
user	2m2.776s
sys	0m0.785s

real	8m21.501s
user	2m1.490s
sys	0m0.755s

real	8m21.688s
user	2m0.921s
sys	0m0.608s

real	8m21.743s
user	2m2.543s
sys	0m0.660s

real	8m22.721s
user	2m3.184s
sys	0m0.672s

real	8m23.577s
user	2m2.376s
sys	0m0.702s

real	8m25.129s
user	2m1.550s
sys	0m0.524s

real	8m27.029s
user	2m3.198s
sys	0m0.760s

real	8m34.278s
user	2m7.707s
sys	0m0.616s

real	8m36.646s
user	2m9.130s
sys	0m0.600s

real	8m42.368s
user	2m8.195s
sys	0m0.735s

real	8m42.560s
user	2m7.322s
sys	0m0.632s

real	8m44.276s
user	2m12.385s
sys	0m0.631s

real	8m45.029s
user	2m10.910s
sys	0m0.601s

real	8m45.635s
user	2m12.109s
sys	0m0.596s

real	8m46.308s
user	2m10.283s
sys	0m0.648s

real	8m46.501s
user	2m10.892s
sys	0m0.636s

real	8m47.476s
user	2m11.348s
sys	0m0.612s

real	8m47.872s
user	2m11.532s
sys	0m0.607s

real	8m52.097s
user	2m12.219s
sys	0m0.560s

real	8m52.878s
user	2m14.260s
sys	0m0.632s

real	8m53.088s
user	2m15.296s
sys	0m0.688s

real	8m53.912s
user	2m11.711s
sys	0m0.544s

real	8m54.178s
user	2m14.635s
sys	0m0.559s

real	8m54.937s
user	2m15.450s
sys	0m0.626s

real	8m55.394s
user	2m17.458s
sys	0m0.686s

real	8m56.507s
user	2m16.978s
sys	0m0.560s

real	8m57.025s
user	2m19.496s
sys	0m0.783s

real	8m57.181s
user	2m13.968s
sys	0m0.617s

real	8m59.067s
user	2m18.278s
sys	0m0.695s

real	8m59.118s
user	2m19.508s
sys	0m0.597s

real	9m2.075s
user	2m20.193s
sys	0m0.642s

real	9m2.218s
user	2m19.633s
sys	0m0.651s

real	9m2.520s
user	2m21.959s
sys	0m0.887s

real	9m5.872s
user	2m21.040s
sys	0m0.604s

real	9m7.424s
user	2m22.151s
sys	0m0.615s

real	9m8.096s
user	2m24.126s
sys	0m0.604s

real	9m10.106s
user	2m23.850s
sys	0m0.705s

real	9m11.602s
user	2m25.767s
sys	0m0.684s

real	9m12.481s
user	2m27.895s
sys	0m0.665s

real	9m17.610s
user	2m33.571s
sys	0m0.684s

real	9m17.615s
user	2m32.188s
sys	0m0.616s

real	9m17.831s
user	2m30.884s
sys	0m0.637s

real	9m17.908s
user	2m33.021s
sys	0m0.561s

real	9m18.286s
user	2m32.266s
sys	0m0.544s

real	9m19.118s
user	2m29.946s
sys	0m0.636s

real	9m19.973s
user	2m33.133s
sys	0m0.443s

real	9m20.558s
user	2m32.951s
sys	0m0.711s

real	9m20.998s
user	2m33.209s
sys	0m0.716s

real	9m21.153s
user	2m32.903s
sys	0m0.587s

real	9m22.179s
user	2m33.453s
sys	0m0.616s

real	9m22.222s
user	2m34.197s
sys	0m0.556s

real	9m22.913s
user	2m33.134s
sys	0m0.740s

real	9m23.743s
user	2m33.532s
sys	0m0.588s

real	9m24.835s
user	2m37.615s
sys	0m0.715s

real	9m25.553s
user	2m38.527s
sys	0m0.563s

real	9m25.974s
user	2m37.698s
sys	0m0.544s

real	9m27.054s
user	2m37.038s
sys	0m0.562s

real	9m27.209s
user	2m39.636s
sys	0m0.620s

real	9m27.463s
user	2m41.862s
sys	0m0.724s

real	9m27.855s
user	2m37.572s
sys	0m0.552s

real	9m28.802s
user	2m41.089s
sys	0m0.751s

real	9m30.796s
user	2m42.552s
sys	0m0.616s

real	9m31.028s
user	2m43.747s
sys	0m0.596s

real	9m31.918s
user	2m43.427s
sys	0m0.709s

real	9m32.578s
user	2m47.602s
sys	0m0.793s

real	9m33.115s
user	2m43.625s
sys	0m0.600s

real	9m33.191s
user	2m46.061s
sys	0m0.644s

real	9m33.471s
user	2m45.226s
sys	0m0.692s

real	9m33.816s
user	2m46.476s
sys	0m0.676s

real	9m34.305s
user	2m45.244s
sys	0m0.603s

real	9m34.444s
user	2m44.105s
sys	0m0.568s
triangle_mpc_dense 200 done at Mon 26 Feb 2024 03:08:55 PM EST

real	7m9.332s
user	1m42.859s
sys	0m0.660s

real	7m13.370s
user	1m42.970s
sys	0m0.672s

real	7m15.024s
user	1m44.065s
sys	0m0.677s

real	7m18.981s
user	1m44.990s
sys	0m0.687s

real	7m25.789s
user	1m45.168s
sys	0m0.547s

real	7m28.727s
user	1m47.676s
sys	0m0.624s

real	7m30.016s
user	1m50.243s
sys	0m0.776s

real	7m31.177s
user	1m45.959s
sys	0m0.646s

real	7m31.453s
user	1m47.980s
sys	0m0.644s

real	7m43.254s
user	1m50.364s
sys	0m0.584s

real	7m43.745s
user	1m52.930s
sys	0m0.691s

real	7m55.793s
user	1m53.922s
sys	0m0.767s

real	8m9.555s
user	1m58.398s
sys	0m0.532s

real	8m14.314s
user	1m58.367s
sys	0m0.581s

real	8m17.658s
user	2m0.274s
sys	0m0.606s

real	8m20.501s
user	2m2.429s
sys	0m0.616s

real	8m21.237s
user	2m3.693s
sys	0m0.582s

real	8m22.463s
user	2m0.347s
sys	0m0.548s

real	8m26.373s
user	2m3.784s
sys	0m0.820s

real	8m29.076s
user	2m4.514s
sys	0m0.640s

real	8m31.683s
user	2m4.093s
sys	0m0.536s

real	8m34.265s
user	2m6.222s
sys	0m0.636s

real	8m34.468s
user	2m3.139s
sys	0m0.667s

real	8m34.925s
user	2m4.206s
sys	0m0.531s

real	8m35.028s
user	2m4.287s
sys	0m0.532s

real	8m35.113s
user	2m4.940s
sys	0m0.632s

real	8m37.271s
user	2m5.633s
sys	0m0.644s

real	8m37.404s
user	2m5.646s
sys	0m0.698s

real	8m38.582s
user	2m4.977s
sys	0m0.531s

real	8m38.871s
user	2m5.972s
sys	0m0.628s

real	8m41.011s
user	2m5.930s
sys	0m0.588s

real	8m41.705s
user	2m5.732s
sys	0m0.624s

real	8m41.741s
user	2m7.781s
sys	0m0.648s

real	8m41.929s
user	2m8.025s
sys	0m0.595s

real	8m44.362s
user	2m8.428s
sys	0m0.605s

real	8m44.598s
user	2m8.084s
sys	0m0.636s

real	8m45.039s
user	2m10.168s
sys	0m0.626s

real	8m46.540s
user	2m9.599s
sys	0m0.504s

real	8m47.326s
user	2m9.321s
sys	0m0.772s

real	8m47.969s
user	2m9.183s
sys	0m0.576s

real	8m49.358s
user	2m7.970s
sys	0m0.648s

real	8m50.480s
user	2m10.647s
sys	0m0.576s

real	8m52.083s
user	2m11.193s
sys	0m0.644s

real	8m53.887s
user	2m12.052s
sys	0m0.624s

real	8m56.862s
user	2m14.177s
sys	0m0.696s

real	9m0.010s
user	2m15.708s
sys	0m0.536s

real	9m0.017s
user	2m16.822s
sys	0m0.667s

real	9m0.332s
user	2m14.908s
sys	0m0.604s

real	9m2.534s
user	2m21.576s
sys	0m0.695s

real	9m14.231s
user	2m25.339s
sys	0m0.660s

real	9m17.563s
user	2m23.843s
sys	0m0.735s

real	9m20.477s
user	2m26.180s
sys	0m0.616s

real	9m22.113s
user	2m25.345s
sys	0m0.649s

real	9m25.009s
user	2m25.984s
sys	0m0.548s

real	9m25.103s
user	2m25.596s
sys	0m0.588s

real	9m25.827s
user	2m25.782s
sys	0m0.611s

real	9m28.316s
user	2m34.312s
sys	0m0.765s

real	9m30.322s
user	2m33.240s
sys	0m0.662s

real	9m30.913s
user	2m30.783s
sys	0m0.701s

real	9m32.148s
user	2m34.073s
sys	0m0.668s

real	9m32.578s
user	2m32.666s
sys	0m0.751s

real	9m34.876s
user	2m32.172s
sys	0m0.624s

real	9m36.329s
user	2m35.548s
sys	0m0.604s

real	9m37.017s
user	2m33.400s
sys	0m0.560s

real	9m37.134s
user	2m34.510s
sys	0m0.673s

real	9m37.707s
user	2m35.453s
sys	0m0.554s

real	9m37.777s
user	2m34.875s
sys	0m0.651s

real	9m39.078s
user	2m33.950s
sys	0m0.743s

real	9m39.412s
user	2m31.942s
sys	0m0.592s

real	9m40.245s
user	2m34.084s
sys	0m0.575s

real	9m41.034s
user	2m34.677s
sys	0m0.536s

real	9m41.030s
user	2m36.551s
sys	0m0.623s

real	9m41.657s
user	2m36.157s
sys	0m0.687s

real	9m42.635s
user	2m40.407s
sys	0m0.565s

real	9m43.425s
user	2m37.650s
sys	0m0.684s

real	9m43.625s
user	2m39.515s
sys	0m0.572s

real	9m45.835s
user	2m41.822s
sys	0m0.611s

real	9m45.834s
user	2m40.779s
sys	0m0.548s

real	9m45.937s
user	2m40.351s
sys	0m0.712s

real	9m46.944s
user	2m42.455s
sys	0m0.684s

real	9m47.451s
user	2m41.536s
sys	0m0.739s

real	9m47.541s
user	2m44.145s
sys	0m0.592s

real	9m48.890s
user	2m45.610s
sys	0m0.763s

real	9m49.117s
user	2m39.803s
sys	0m0.644s

real	9m49.261s
user	2m44.942s
sys	0m0.629s

real	9m49.840s
user	2m43.681s
sys	0m0.595s

real	9m50.101s
user	2m49.483s
sys	0m0.696s

real	9m50.633s
user	2m45.543s
sys	0m0.582s

real	9m51.332s
user	2m45.362s
sys	0m0.735s

real	9m51.408s
user	2m51.938s
sys	0m0.788s

real	9m51.371s
user	2m46.550s
sys	0m0.675s

real	9m51.465s
user	2m45.350s
sys	0m0.745s

real	9m51.473s
user	2m47.482s
sys	0m0.608s

real	9m51.824s
user	2m48.707s
sys	0m0.720s

real	9m52.641s
user	2m48.152s
sys	0m0.532s

real	9m53.238s
user	2m49.927s
sys	0m0.717s

real	9m53.655s
user	2m48.056s
sys	0m0.607s

real	9m54.373s
user	2m48.102s
sys	0m0.540s

real	9m54.379s
user	2m47.148s
sys	0m0.552s

real	9m54.514s
user	2m49.077s
sys	0m0.688s
triangle_mpc_dense 300 done at Mon 26 Feb 2024 03:18:50 PM EST

real	6m22.196s
user	1m32.681s
sys	0m0.715s

real	6m26.922s
user	1m33.612s
sys	0m0.595s

real	6m31.944s
user	1m33.369s
sys	0m0.664s

real	6m33.473s
user	1m33.233s
sys	0m0.616s

real	6m34.220s
user	1m33.573s
sys	0m0.722s

real	6m35.064s
user	1m33.669s
sys	0m0.756s

real	6m38.011s
user	1m36.194s
sys	0m0.444s

real	6m38.603s
user	1m32.334s
sys	0m0.628s

real	6m39.940s
user	1m34.256s
sys	0m0.535s

real	6m41.099s
user	1m36.476s
sys	0m0.596s

real	6m41.821s
user	1m34.992s
sys	0m0.643s

real	6m44.308s
user	1m37.296s
sys	0m0.675s

real	6m45.556s
user	1m37.035s
sys	0m0.555s

real	6m46.354s
user	1m37.378s
sys	0m0.648s

real	6m52.260s
user	1m38.021s
sys	0m0.589s

real	6m56.384s
user	1m40.429s
sys	0m0.541s

real	6m57.370s
user	1m42.628s
sys	0m0.567s

real	6m57.438s
user	1m39.520s
sys	0m0.508s

real	6m57.664s
user	1m39.935s
sys	0m0.540s

real	6m57.927s
user	1m40.670s
sys	0m0.692s

real	7m2.346s
user	1m40.653s
sys	0m0.643s

real	7m3.617s
user	1m41.545s
sys	0m0.652s

real	7m3.982s
user	1m42.873s
sys	0m0.817s

real	7m5.370s
user	1m42.078s
sys	0m0.667s

real	7m18.988s
user	1m50.537s
sys	0m0.656s

real	7m19.631s
user	1m46.769s
sys	0m0.628s

real	7m19.941s
user	1m45.511s
sys	0m0.508s

real	7m23.480s
user	1m45.012s
sys	0m0.611s

real	7m24.420s
user	1m49.741s
sys	0m0.507s

real	7m26.616s
user	1m47.878s
sys	0m0.612s

real	7m33.132s
user	1m52.934s
sys	0m0.687s

real	7m33.762s
user	1m51.671s
sys	0m0.760s

real	7m35.051s
user	1m52.716s
sys	0m0.710s

real	7m37.737s
user	1m52.965s
sys	0m0.576s

real	7m40.343s
user	1m53.849s
sys	0m0.589s

real	7m41.473s
user	1m56.461s
sys	0m0.620s

real	7m41.509s
user	1m56.308s
sys	0m0.640s

real	7m43.558s
user	1m53.667s
sys	0m0.746s

real	7m47.844s
user	1m55.417s
sys	0m0.508s

real	7m49.494s
user	1m56.744s
sys	0m0.656s

real	7m50.548s
user	1m59.194s
sys	0m0.572s

real	7m51.361s
user	2m0.025s
sys	0m0.625s

real	7m51.437s
user	1m56.882s
sys	0m0.562s

real	7m53.472s
user	1m57.404s
sys	0m0.661s

real	7m53.876s
user	2m0.975s
sys	0m0.631s

real	7m54.294s
user	2m2.062s
sys	0m0.604s

real	7m55.878s
user	2m1.161s
sys	0m0.643s

real	7m56.425s
user	1m59.014s
sys	0m0.668s

real	7m56.754s
user	2m0.223s
sys	0m0.652s

real	7m57.007s
user	2m1.109s
sys	0m0.671s

real	7m58.369s
user	1m59.195s
sys	0m0.611s

real	7m58.422s
user	2m0.825s
sys	0m0.644s

real	8m0.011s
user	2m1.055s
sys	0m0.636s

real	8m0.284s
user	2m2.927s
sys	0m0.581s

real	8m0.253s
user	2m5.661s
sys	0m0.538s

real	8m2.763s
user	2m7.102s
sys	0m0.701s

real	8m2.822s
user	2m4.147s
sys	0m0.599s

real	8m2.993s
user	2m2.491s
sys	0m0.586s

real	8m3.151s
user	2m3.856s
sys	0m0.632s

real	8m3.284s
user	2m4.819s
sys	0m0.494s

real	8m3.768s
user	2m4.346s
sys	0m0.557s

real	8m4.376s
user	2m4.297s
sys	0m0.516s

real	8m5.870s
user	2m7.072s
sys	0m0.625s

real	8m6.187s
user	2m4.291s
sys	0m0.573s

real	8m6.534s
user	2m5.711s
sys	0m0.617s

real	8m7.118s
user	2m9.115s
sys	0m0.620s

real	8m7.161s
user	2m7.074s
sys	0m0.736s

real	8m7.346s
user	2m6.641s
sys	0m0.536s

real	8m7.646s
user	2m6.666s
sys	0m0.532s

real	8m7.937s
user	2m6.176s
sys	0m0.652s

real	8m8.180s
user	2m5.174s
sys	0m0.559s

real	8m8.840s
user	2m8.285s
sys	0m0.519s

real	8m10.831s
user	2m9.970s
sys	0m0.588s

real	8m11.775s
user	2m9.772s
sys	0m0.615s

real	8m13.876s
user	2m12.233s
sys	0m0.500s

real	8m17.694s
user	2m18.457s
sys	0m0.807s

real	8m17.773s
user	2m15.762s
sys	0m0.574s

real	8m20.002s
user	2m18.395s
sys	0m0.743s

real	8m20.441s
user	2m19.158s
sys	0m0.616s

real	8m20.828s
user	2m20.349s
sys	0m0.632s

real	8m21.865s
user	2m21.169s
sys	0m0.545s

real	8m22.535s
user	2m20.695s
sys	0m0.640s

real	8m23.766s
user	2m19.704s
sys	0m0.668s

real	8m24.331s
user	2m21.923s
sys	0m0.577s

real	8m24.341s
user	2m23.315s
sys	0m0.620s

real	8m24.556s
user	2m24.570s
sys	0m0.643s

real	8m25.790s
user	2m22.000s
sys	0m0.587s

real	8m25.883s
user	2m25.095s
sys	0m0.580s

real	8m26.405s
user	2m25.793s
sys	0m0.677s

real	8m26.555s
user	2m27.921s
sys	0m0.611s

real	8m26.752s
user	2m24.586s
sys	0m0.671s

real	8m26.837s
user	2m24.317s
sys	0m0.520s

real	8m27.065s
user	2m25.270s
sys	0m0.572s

real	8m28.026s
user	2m26.187s
sys	0m0.597s

real	8m28.111s
user	2m26.415s
sys	0m0.560s

real	8m28.275s
user	2m26.591s
sys	0m0.659s

real	8m28.360s
user	2m26.462s
sys	0m0.720s

real	8m29.770s
user	2m26.416s
sys	0m0.544s

real	8m29.893s
user	2m26.578s
sys	0m0.504s

real	8m30.348s
user	2m27.553s
sys	0m0.520s
nascar_mpc_dense 100 done at Mon 26 Feb 2024 03:27:20 PM EST

real	6m17.894s
user	1m30.689s
sys	0m0.721s

real	6m19.184s
user	1m31.892s
sys	0m0.689s

real	6m22.696s
user	1m32.481s
sys	0m0.704s

real	6m22.806s
user	1m30.848s
sys	0m0.588s

real	6m25.456s
user	1m30.957s
sys	0m0.520s

real	6m26.005s
user	1m31.457s
sys	0m0.668s

real	6m26.175s
user	1m31.195s
sys	0m0.737s

real	6m26.635s
user	1m31.619s
sys	0m0.649s

real	6m26.940s
user	1m31.097s
sys	0m0.548s

real	6m27.704s
user	1m33.949s
sys	0m0.660s

real	6m28.460s
user	1m32.185s
sys	0m0.593s

real	6m29.038s
user	1m31.350s
sys	0m0.678s

real	6m29.692s
user	1m32.727s
sys	0m0.585s

real	6m30.821s
user	1m35.813s
sys	0m0.527s

real	6m31.771s
user	1m31.465s
sys	0m0.612s

real	6m33.051s
user	1m32.989s
sys	0m0.775s

real	6m37.420s
user	1m34.848s
sys	0m0.672s

real	6m38.823s
user	1m32.050s
sys	0m0.576s

real	6m43.296s
user	1m38.236s
sys	0m0.597s

real	6m43.800s
user	1m39.437s
sys	0m0.640s

real	6m44.089s
user	1m38.297s
sys	0m0.496s

real	6m49.589s
user	1m37.935s
sys	0m0.608s

real	6m49.820s
user	1m36.771s
sys	0m0.691s

real	6m50.029s
user	1m39.115s
sys	0m0.671s

real	6m52.449s
user	1m38.762s
sys	0m0.640s

real	6m53.626s
user	1m39.918s
sys	0m0.583s

real	7m5.069s
user	1m46.106s
sys	0m0.724s

real	7m7.497s
user	1m44.449s
sys	0m0.553s

real	7m14.163s
user	1m46.423s
sys	0m0.608s

real	7m14.354s
user	1m46.689s
sys	0m0.670s

real	7m15.123s
user	1m46.080s
sys	0m0.632s

real	7m15.191s
user	1m47.260s
sys	0m0.679s

real	7m17.244s
user	1m48.548s
sys	0m0.588s

real	7m18.035s
user	1m50.359s
sys	0m0.614s

real	7m18.081s
user	1m50.901s
sys	0m0.615s

real	7m18.386s
user	1m47.412s
sys	0m0.687s

real	7m18.908s
user	1m51.048s
sys	0m0.591s

real	7m19.241s
user	1m48.703s
sys	0m0.512s

real	7m20.660s
user	1m49.051s
sys	0m0.612s

real	7m22.215s
user	1m50.855s
sys	0m0.696s

real	7m23.957s
user	1m51.418s
sys	0m0.620s

real	7m24.730s
user	1m53.010s
sys	0m0.732s

real	7m28.485s
user	1m52.697s
sys	0m0.456s

real	7m29.108s
user	1m53.787s
sys	0m0.601s

real	7m35.941s
user	1m55.060s
sys	0m0.547s

real	7m40.833s
user	1m55.902s
sys	0m0.552s

real	7m43.777s
user	2m0.041s
sys	0m0.556s

real	7m47.193s
user	1m59.169s
sys	0m0.604s

real	7m47.401s
user	2m1.717s
sys	0m0.777s

real	7m47.706s
user	2m0.593s
sys	0m0.625s

real	7m48.081s
user	1m59.136s
sys	0m0.628s

real	7m48.462s
user	1m59.909s
sys	0m0.668s

real	7m49.944s
user	1m59.666s
sys	0m0.603s

real	7m51.702s
user	2m1.606s
sys	0m0.953s

real	7m53.923s
user	2m3.279s
sys	0m0.660s

real	7m55.099s
user	2m4.187s
sys	0m0.573s

real	7m55.071s
user	2m4.340s
sys	0m0.623s

real	7m55.214s
user	2m4.664s
sys	0m0.651s

real	7m55.613s
user	2m4.963s
sys	0m0.600s

real	7m57.374s
user	2m3.465s
sys	0m0.624s

real	7m58.970s
user	2m7.791s
sys	0m0.622s

real	7m59.326s
user	2m8.886s
sys	0m0.585s

real	7m59.756s
user	2m7.718s
sys	0m0.616s

real	7m59.835s
user	2m5.727s
sys	0m0.564s

real	8m0.530s
user	2m8.028s
sys	0m0.528s

real	8m1.546s
user	2m9.569s
sys	0m0.669s

real	8m1.589s
user	2m7.081s
sys	0m0.635s

real	8m1.698s
user	2m7.989s
sys	0m0.647s

real	8m2.736s
user	2m11.834s
sys	0m0.707s

real	8m3.407s
user	2m10.922s
sys	0m0.645s

real	8m4.108s
user	2m7.992s
sys	0m0.583s

real	8m4.197s
user	2m10.436s
sys	0m0.540s

real	8m4.358s
user	2m8.987s
sys	0m0.676s

real	8m6.433s
user	2m10.060s
sys	0m0.724s

real	8m14.055s
user	2m21.362s
sys	0m0.636s

real	8m14.493s
user	2m20.277s
sys	0m0.627s

real	8m15.053s
user	2m20.920s
sys	0m0.579s

real	8m15.458s
user	2m20.723s
sys	0m0.692s

real	8m15.569s
user	2m22.371s
sys	0m0.728s

real	8m15.791s
user	2m20.406s
sys	0m0.701s

real	8m15.823s
user	2m20.778s
sys	0m0.700s

real	8m16.049s
user	2m20.933s
sys	0m0.605s

real	8m16.305s
user	2m21.685s
sys	0m0.641s

real	8m16.453s
user	2m20.753s
sys	0m0.715s

real	8m16.807s
user	2m23.160s
sys	0m0.563s

real	8m16.919s
user	2m21.136s
sys	0m0.538s

real	8m17.008s
user	2m22.232s
sys	0m0.516s

real	8m17.342s
user	2m22.096s
sys	0m0.592s

real	8m17.401s
user	2m22.371s
sys	0m0.556s

real	8m17.590s
user	2m19.862s
sys	0m0.616s

real	8m17.777s
user	2m23.453s
sys	0m0.536s

real	8m19.582s
user	2m28.408s
sys	0m0.648s

real	8m19.820s
user	2m24.043s
sys	0m0.741s

real	8m19.985s
user	2m25.348s
sys	0m0.569s

real	8m20.234s
user	2m25.433s
sys	0m0.609s

real	8m20.367s
user	2m26.838s
sys	0m0.678s

real	8m22.124s
user	2m28.234s
sys	0m0.615s

real	8m22.247s
user	2m26.724s
sys	0m0.512s

real	8m22.619s
user	2m28.030s
sys	0m0.539s

real	8m22.976s
user	2m28.022s
sys	0m0.637s
nascar_mpc_dense 200 done at Mon 26 Feb 2024 03:35:43 PM EST

real	6m5.190s
user	1m29.840s
sys	0m0.655s

real	6m11.780s
user	1m30.174s
sys	0m0.583s

real	6m24.478s
user	1m30.923s
sys	0m0.482s

real	6m25.768s
user	1m31.804s
sys	0m0.623s

real	6m26.660s
user	1m33.359s
sys	0m0.620s

real	6m28.580s
user	1m31.943s
sys	0m0.635s

real	6m28.773s
user	1m31.166s
sys	0m0.612s

real	6m29.333s
user	1m30.345s
sys	0m0.667s

real	6m29.984s
user	1m31.674s
sys	0m0.609s

real	6m33.744s
user	1m36.550s
sys	0m0.667s

real	6m38.301s
user	1m34.418s
sys	0m0.679s

real	6m38.985s
user	1m32.167s
sys	0m0.703s

real	6m41.233s
user	1m33.429s
sys	0m0.519s

real	6m42.025s
user	1m35.129s
sys	0m0.617s

real	6m45.528s
user	1m38.758s
sys	0m0.593s

real	6m45.911s
user	1m35.522s
sys	0m0.560s

real	6m46.604s
user	1m38.702s
sys	0m0.588s

real	6m48.707s
user	1m38.073s
sys	0m0.627s

real	6m49.427s
user	1m39.557s
sys	0m0.696s

real	6m49.472s
user	1m36.880s
sys	0m0.667s

real	6m51.171s
user	1m34.606s
sys	0m0.604s

real	6m51.532s
user	1m38.608s
sys	0m0.647s

real	6m51.639s
user	1m36.716s
sys	0m0.581s

real	6m54.302s
user	1m40.710s
sys	0m0.655s

real	6m55.331s
user	1m35.907s
sys	0m0.541s

real	7m0.406s
user	1m41.575s
sys	0m0.648s

real	7m1.324s
user	1m45.427s
sys	0m0.503s

real	7m4.555s
user	1m47.505s
sys	0m0.651s

real	7m9.108s
user	1m45.641s
sys	0m0.620s

real	7m10.368s
user	1m43.533s
sys	0m0.644s

real	7m10.727s
user	1m46.351s
sys	0m0.530s

real	7m10.917s
user	1m44.485s
sys	0m0.668s

real	7m13.377s
user	1m47.220s
sys	0m0.543s

real	7m14.358s
user	1m43.540s
sys	0m0.667s

real	7m15.348s
user	1m47.978s
sys	0m0.703s

real	7m16.464s
user	1m46.777s
sys	0m0.555s

real	7m16.838s
user	1m47.580s
sys	0m0.643s

real	7m17.101s
user	1m44.927s
sys	0m0.683s

real	7m17.420s
user	1m45.112s
sys	0m0.608s

real	7m20.789s
user	1m44.540s
sys	0m0.603s

real	7m21.002s
user	1m47.689s
sys	0m0.818s

real	7m21.301s
user	1m45.148s
sys	0m0.616s

real	7m22.269s
user	1m47.895s
sys	0m0.751s

real	7m22.677s
user	1m49.770s
sys	0m0.744s

real	7m30.251s
user	1m53.042s
sys	0m0.612s

real	7m32.127s
user	1m57.478s
sys	0m0.735s

real	7m36.408s
user	1m55.871s
sys	0m0.633s

real	7m36.493s
user	1m52.840s
sys	0m0.760s

real	7m36.980s
user	1m51.561s
sys	0m0.612s

real	7m37.443s
user	1m51.979s
sys	0m0.659s

real	7m38.139s
user	1m57.152s
sys	0m0.683s

real	7m39.191s
user	1m56.148s
sys	0m0.524s

real	7m46.644s
user	1m57.038s
sys	0m0.568s

real	7m47.688s
user	2m5.605s
sys	0m0.547s

real	7m47.781s
user	1m58.949s
sys	0m0.603s

real	7m48.198s
user	1m59.994s
sys	0m0.595s

real	7m48.437s
user	2m0.387s
sys	0m0.535s

real	7m48.618s
user	1m58.913s
sys	0m0.632s

real	7m49.352s
user	2m1.822s
sys	0m0.746s

real	7m49.607s
user	2m1.189s
sys	0m0.724s

real	7m49.657s
user	2m4.776s
sys	0m0.599s

real	7m52.510s
user	2m4.655s
sys	0m0.704s

real	7m52.565s
user	2m0.569s
sys	0m0.611s

real	7m53.656s
user	2m3.014s
sys	0m0.503s

real	7m56.142s
user	2m2.615s
sys	0m0.635s

real	7m56.511s
user	2m8.524s
sys	0m0.732s

real	7m57.672s
user	2m4.468s
sys	0m0.516s

real	7m59.403s
user	2m6.988s
sys	0m0.512s

real	8m0.254s
user	2m6.440s
sys	0m0.675s

real	8m0.455s
user	2m7.431s
sys	0m0.575s

real	8m1.401s
user	2m8.373s
sys	0m0.616s

real	8m2.328s
user	2m9.570s
sys	0m0.560s

real	8m2.872s
user	2m7.781s
sys	0m0.552s

real	8m4.829s
user	2m9.032s
sys	0m0.639s

real	8m4.872s
user	2m13.568s
sys	0m0.627s

real	8m5.010s
user	2m9.727s
sys	0m0.804s

real	8m5.066s
user	2m12.993s
sys	0m0.608s

real	8m5.112s
user	2m11.199s
sys	0m0.544s

real	8m5.431s
user	2m13.378s
sys	0m0.750s

real	8m5.793s
user	2m12.200s
sys	0m0.663s

real	8m6.324s
user	2m12.328s
sys	0m0.845s

real	8m6.369s
user	2m21.410s
sys	0m0.639s

real	8m6.421s
user	2m12.515s
sys	0m0.520s

real	8m6.921s
user	2m12.412s
sys	0m0.585s

real	8m7.011s
user	2m24.130s
sys	0m0.620s

real	8m7.070s
user	2m22.019s
sys	0m0.783s

real	8m8.112s
user	2m14.436s
sys	0m0.592s

real	8m9.171s
user	2m18.292s
sys	0m0.603s

real	8m9.925s
user	2m24.813s
sys	0m0.704s

real	8m11.663s
user	2m16.699s
sys	0m0.588s

real	8m11.832s
user	2m18.097s
sys	0m0.651s

real	8m12.963s
user	2m23.762s
sys	0m0.703s

real	8m12.998s
user	2m19.716s
sys	0m0.768s

real	8m13.475s
user	2m23.706s
sys	0m0.536s

real	8m13.877s
user	2m21.058s
sys	0m0.715s

real	8m13.971s
user	2m19.964s
sys	0m0.644s

real	8m14.015s
user	2m20.000s
sys	0m0.755s

real	8m14.145s
user	2m18.220s
sys	0m0.695s

real	8m14.617s
user	2m21.757s
sys	0m0.623s

real	8m15.008s
user	2m23.553s
sys	0m0.583s
nascar_mpc_dense 300 done at Mon 26 Feb 2024 03:43:59 PM EST

real	11m54.796s
user	2m51.001s
sys	0m0.619s

real	11m56.963s
user	2m51.637s
sys	0m0.788s

real	12m9.082s
user	2m52.725s
sys	0m0.664s

real	12m11.316s
user	2m51.424s
sys	0m0.508s

real	12m18.904s
user	2m54.443s
sys	0m0.556s

real	12m41.225s
user	3m6.616s
sys	0m0.664s

real	12m42.092s
user	3m4.600s
sys	0m0.984s

real	12m45.885s
user	3m3.307s
sys	0m0.736s

real	12m56.257s
user	3m4.847s
sys	0m0.712s

real	13m5.984s
user	3m9.481s
sys	0m0.680s

real	13m19.421s
user	3m11.055s
sys	0m0.558s

real	13m27.860s
user	3m12.314s
sys	0m0.572s

real	13m29.999s
user	3m14.952s
sys	0m0.596s

real	14m7.277s
user	3m26.000s
sys	0m0.703s

real	14m9.434s
user	3m28.427s
sys	0m0.660s

real	14m28.523s
user	3m31.548s
sys	0m0.670s

real	14m40.243s
user	3m33.462s
sys	0m0.736s

real	14m43.057s
user	3m37.268s
sys	0m0.564s

real	14m50.409s
user	3m40.174s
sys	0m0.729s

real	14m51.645s
user	3m42.704s
sys	0m0.607s

real	14m58.504s
user	3m40.699s
sys	0m0.528s

real	15m0.981s
user	3m42.562s
sys	0m0.652s

real	15m5.716s
user	3m41.383s
sys	0m0.580s

real	15m11.352s
user	3m45.468s
sys	0m0.615s

real	15m12.639s
user	3m41.615s
sys	0m0.707s

real	15m15.158s
user	3m45.639s
sys	0m0.688s

real	15m17.461s
user	3m45.830s
sys	0m0.736s

real	15m26.412s
user	3m45.605s
sys	0m0.612s

real	15m27.798s
user	3m50.377s
sys	0m0.693s

real	15m28.629s
user	3m50.562s
sys	0m0.672s

real	15m29.858s
user	3m50.346s
sys	0m0.668s

real	15m31.016s
user	3m53.157s
sys	0m0.667s

real	15m32.176s
user	3m52.300s
sys	0m0.700s

real	15m37.658s
user	3m53.138s
sys	0m0.867s

real	15m40.065s
user	3m53.963s
sys	0m0.745s

real	15m40.812s
user	3m57.088s
sys	0m0.727s

real	15m41.580s
user	3m53.191s
sys	0m0.556s

real	15m42.251s
user	3m52.359s
sys	0m0.712s

real	15m42.810s
user	3m54.818s
sys	0m0.688s

real	15m42.971s
user	3m54.689s
sys	0m0.664s

real	15m44.638s
user	3m53.759s
sys	0m0.636s

real	15m46.460s
user	3m56.171s
sys	0m0.595s

real	15m47.252s
user	3m55.642s
sys	0m0.687s

real	15m49.249s
user	3m56.440s
sys	0m0.648s

real	15m49.340s
user	3m57.295s
sys	0m0.721s

real	15m54.943s
user	3m59.123s
sys	0m0.764s

real	15m58.923s
user	3m55.701s
sys	0m0.580s

real	16m3.654s
user	4m8.448s
sys	0m0.698s

real	16m13.273s
user	4m9.914s
sys	0m0.748s

real	16m18.360s
user	4m6.740s
sys	0m0.571s

real	16m23.753s
user	4m10.416s
sys	0m0.597s

real	16m25.436s
user	4m17.656s
sys	0m0.688s

real	16m29.884s
user	4m18.927s
sys	0m0.731s

real	16m31.461s
user	4m18.022s
sys	0m0.544s

real	16m32.144s
user	4m19.757s
sys	0m0.552s

real	16m38.666s
user	4m23.064s
sys	0m0.540s

real	16m41.046s
user	4m24.221s
sys	0m0.544s

real	16m41.358s
user	4m20.699s
sys	0m0.661s

real	16m42.639s
user	4m20.944s
sys	0m0.637s

real	16m45.106s
user	4m25.433s
sys	0m0.776s

real	16m45.846s
user	4m25.244s
sys	0m0.892s

real	16m49.133s
user	4m25.234s
sys	0m0.721s

real	16m50.207s
user	4m24.964s
sys	0m0.585s

real	16m51.106s
user	4m25.192s
sys	0m0.635s

real	16m51.377s
user	4m24.930s
sys	0m0.670s

real	16m54.622s
user	4m29.131s
sys	0m0.756s

real	16m55.163s
user	4m31.345s
sys	0m0.604s

real	16m58.137s
user	4m33.609s
sys	0m0.617s

real	16m58.552s
user	4m35.718s
sys	0m0.604s

real	16m59.110s
user	4m38.969s
sys	0m0.680s

real	17m5.340s
user	4m39.912s
sys	0m0.721s

real	17m6.206s
user	4m41.693s
sys	0m0.760s

real	17m9.878s
user	4m41.441s
sys	0m0.659s

real	17m10.487s
user	4m45.561s
sys	0m0.616s

real	17m10.562s
user	4m45.309s
sys	0m0.791s

real	17m10.583s
user	4m40.666s
sys	0m0.660s

real	17m11.177s
user	4m43.089s
sys	0m0.729s

real	17m11.365s
user	4m43.871s
sys	0m0.595s

real	17m11.465s
user	4m42.756s
sys	0m0.668s

real	17m11.992s
user	4m46.421s
sys	0m0.724s

real	17m14.032s
user	4m47.745s
sys	0m0.720s

real	17m15.121s
user	4m46.585s
sys	0m0.612s

real	17m15.148s
user	4m44.018s
sys	0m0.514s

real	17m16.333s
user	4m47.692s
sys	0m0.727s

real	17m16.641s
user	4m48.247s
sys	0m0.548s

real	17m16.746s
user	4m49.909s
sys	0m0.732s

real	17m20.059s
user	4m46.163s
sys	0m0.756s

real	17m20.915s
user	4m52.285s
sys	0m0.660s

real	17m23.085s
user	4m51.534s
sys	0m0.676s

real	17m25.416s
user	5m0.711s
sys	0m0.700s

real	17m25.554s
user	5m4.397s
sys	0m0.608s

real	17m25.693s
user	5m0.082s
sys	0m0.711s

real	17m26.250s
user	4m58.317s
sys	0m0.780s

real	17m26.305s
user	4m56.704s
sys	0m0.648s

real	17m26.530s
user	4m57.928s
sys	0m0.708s

real	17m27.014s
user	4m59.103s
sys	0m0.608s

real	17m28.133s
user	5m5.426s
sys	0m0.785s

real	17m28.143s
user	5m3.587s
sys	0m0.716s

real	17m28.291s
user	5m2.489s
sys	0m0.647s

real	17m31.514s
user	5m2.567s
sys	0m0.665s
exploit_sine_dense 100 done at Mon 26 Feb 2024 04:01:30 PM EST

real	12m6.386s
user	2m54.666s
sys	0m0.659s

real	12m17.660s
user	2m55.360s
sys	0m0.756s

real	12m30.892s
user	2m59.710s
sys	0m0.756s

real	12m30.963s
user	2m58.736s
sys	0m0.674s

real	12m34.528s
user	2m56.935s
sys	0m0.680s

real	12m35.253s
user	3m2.077s
sys	0m0.751s

real	12m37.265s
user	3m1.659s
sys	0m0.700s

real	12m42.204s
user	3m3.005s
sys	0m0.704s

real	12m45.639s
user	3m5.499s
sys	0m0.679s

real	12m46.068s
user	3m2.478s
sys	0m0.656s

real	12m48.579s
user	3m5.416s
sys	0m0.627s

real	12m52.054s
user	3m3.031s
sys	0m0.596s

real	12m52.429s
user	3m4.914s
sys	0m0.680s

real	12m53.223s
user	3m5.604s
sys	0m0.558s

real	12m53.303s
user	3m4.786s
sys	0m0.636s

real	12m57.198s
user	3m3.510s
sys	0m0.680s

real	13m2.670s
user	3m5.180s
sys	0m0.616s

real	13m7.355s
user	3m6.004s
sys	0m0.686s

real	13m22.924s
user	3m14.377s
sys	0m0.681s

real	13m23.916s
user	3m15.562s
sys	0m0.820s

real	13m27.226s
user	3m16.919s
sys	0m0.623s

real	13m29.274s
user	3m15.665s
sys	0m0.692s

real	13m31.406s
user	3m18.651s
sys	0m0.659s

real	13m32.158s
user	3m16.888s
sys	0m0.719s

real	13m38.464s
user	3m21.301s
sys	0m0.651s

real	13m39.853s
user	3m17.715s
sys	0m0.680s

real	13m41.995s
user	3m20.029s
sys	0m0.656s

real	13m43.906s
user	3m21.300s
sys	0m0.662s

real	13m52.396s
user	3m21.415s
sys	0m0.576s

real	13m52.882s
user	3m23.495s
sys	0m0.720s

real	14m8.542s
user	3m26.777s
sys	0m0.690s

real	14m10.284s
user	3m29.648s
sys	0m0.708s

real	14m15.098s
user	3m29.501s
sys	0m0.652s

real	14m15.559s
user	3m32.368s
sys	0m0.824s

real	14m17.517s
user	3m30.903s
sys	0m0.765s

real	14m22.285s
user	3m41.152s
sys	0m0.676s

real	14m25.828s
user	3m32.044s
sys	0m0.628s

real	14m31.374s
user	3m38.624s
sys	0m0.555s

real	14m31.476s
user	3m38.074s
sys	0m0.700s

real	14m32.029s
user	3m35.471s
sys	0m0.780s

real	14m32.591s
user	3m37.103s
sys	0m0.751s

real	14m35.321s
user	3m35.522s
sys	0m0.983s

real	14m40.338s
user	3m37.035s
sys	0m0.665s

real	14m41.537s
user	3m40.624s
sys	0m0.735s

real	14m44.397s
user	3m43.748s
sys	0m0.779s

real	14m47.836s
user	3m46.306s
sys	0m0.728s

real	15m21.757s
user	4m3.528s
sys	0m0.603s

real	15m32.421s
user	4m4.480s
sys	0m0.760s

real	15m32.749s
user	4m6.532s
sys	0m0.815s

real	15m33.969s
user	4m1.897s
sys	0m0.685s

real	15m35.966s
user	4m7.831s
sys	0m0.861s

real	15m39.800s
user	4m5.255s
sys	0m0.756s

real	15m42.457s
user	4m8.516s
sys	0m0.722s

real	15m43.124s
user	4m13.035s
sys	0m0.624s

real	15m46.562s
user	4m10.007s
sys	0m0.672s

real	15m47.825s
user	4m12.557s
sys	0m0.811s

real	15m48.109s
user	4m10.465s
sys	0m0.632s

real	15m48.516s
user	4m11.136s
sys	0m0.732s

real	15m52.123s
user	4m13.925s
sys	0m0.744s

real	15m53.030s
user	4m14.295s
sys	0m0.776s

real	15m53.189s
user	4m17.654s
sys	0m0.724s

real	15m53.300s
user	4m14.012s
sys	0m0.761s

real	15m53.918s
user	4m14.447s
sys	0m0.852s

real	15m55.678s
user	4m16.277s
sys	0m0.824s

real	15m56.994s
user	4m19.057s
sys	0m0.688s

real	15m58.464s
user	4m18.969s
sys	0m0.767s

real	16m1.033s
user	4m19.444s
sys	0m0.681s

real	16m1.690s
user	4m18.703s
sys	0m0.640s

real	16m11.828s
user	4m31.854s
sys	0m0.728s

real	16m12.002s
user	4m29.931s
sys	0m0.703s

real	16m21.636s
user	4m35.756s
sys	0m0.600s

real	16m23.144s
user	4m36.197s
sys	0m0.928s

real	16m24.192s
user	4m35.614s
sys	0m0.716s

real	16m25.884s
user	4m41.421s
sys	0m0.728s

real	16m26.749s
user	4m37.039s
sys	0m0.628s

real	16m26.960s
user	4m41.488s
sys	0m0.727s

real	16m27.739s
user	4m41.165s
sys	0m0.604s

real	16m27.760s
user	4m38.725s
sys	0m0.604s

real	16m28.091s
user	4m40.374s
sys	0m0.719s

real	16m28.796s
user	4m45.947s
sys	0m0.947s

real	16m29.132s
user	4m39.420s
sys	0m0.904s

real	16m30.329s
user	4m40.880s
sys	0m0.588s

real	16m30.768s
user	4m47.490s
sys	0m0.724s

real	16m31.543s
user	4m47.309s
sys	0m0.839s

real	16m31.788s
user	4m44.669s
sys	0m0.775s

real	16m32.114s
user	4m44.625s
sys	0m0.656s

real	16m32.390s
user	4m44.165s
sys	0m0.788s

real	16m32.890s
user	4m41.462s
sys	0m0.708s

real	16m33.261s
user	4m47.675s
sys	0m0.663s

real	16m33.392s
user	4m44.479s
sys	0m0.732s

real	16m33.401s
user	4m46.594s
sys	0m0.788s

real	16m33.516s
user	4m46.387s
sys	0m0.739s

real	16m34.393s
user	4m48.428s
sys	0m0.777s

real	16m34.573s
user	4m50.085s
sys	0m0.576s

real	16m35.543s
user	4m46.619s
sys	0m0.745s

real	16m36.458s
user	4m51.845s
sys	0m0.905s

real	16m36.615s
user	4m50.640s
sys	0m0.823s

real	16m38.736s
user	4m52.052s
sys	0m0.576s

real	16m44.177s
user	4m54.915s
sys	0m0.747s

real	16m45.105s
user	4m56.930s
sys	0m0.660s
exploit_sine_dense 200 done at Mon 26 Feb 2024 04:18:15 PM EST

real	11m26.900s
user	2m47.362s
sys	0m0.728s

real	11m46.564s
user	2m51.465s
sys	0m0.720s

real	11m47.581s
user	2m50.303s
sys	0m0.663s

real	11m52.601s
user	2m49.822s
sys	0m0.564s

real	11m53.521s
user	2m50.738s
sys	0m0.735s

real	11m57.400s
user	2m50.870s
sys	0m0.875s

real	11m59.852s
user	2m56.506s
sys	0m0.660s

real	12m4.553s
user	2m53.902s
sys	0m0.715s

real	12m11.337s
user	2m54.415s
sys	0m0.740s

real	12m12.090s
user	2m56.488s
sys	0m0.594s

real	12m12.336s
user	2m54.900s
sys	0m0.688s

real	12m13.754s
user	2m57.831s
sys	0m0.752s

real	12m16.779s
user	2m53.716s
sys	0m0.605s

real	12m17.503s
user	2m56.341s
sys	0m0.759s

real	12m27.921s
user	2m59.849s
sys	0m0.730s

real	12m38.664s
user	3m7.036s
sys	0m0.752s

real	12m46.556s
user	3m7.506s
sys	0m0.677s

real	13m1.765s
user	3m8.710s
sys	0m0.631s

real	13m9.996s
user	3m10.778s
sys	0m0.530s

real	13m13.898s
user	3m11.040s
sys	0m0.643s

real	13m14.573s
user	3m11.308s
sys	0m0.695s

real	13m25.136s
user	3m17.328s
sys	0m0.664s

real	13m27.133s
user	3m19.575s
sys	0m0.668s

real	13m36.305s
user	3m17.378s
sys	0m0.548s

real	13m40.108s
user	3m18.583s
sys	0m0.608s

real	13m49.948s
user	3m26.999s
sys	0m0.769s

real	13m51.630s
user	3m26.671s
sys	0m0.725s

real	13m53.838s
user	3m26.972s
sys	0m0.679s

real	14m9.628s
user	3m33.342s
sys	0m0.705s

real	14m11.232s
user	3m34.565s
sys	0m0.808s

real	14m13.050s
user	3m29.967s
sys	0m0.620s

real	14m14.692s
user	3m35.116s
sys	0m0.708s

real	14m24.284s
user	3m38.661s
sys	0m0.760s

real	14m26.367s
user	3m37.771s
sys	0m0.620s

real	14m28.776s
user	3m37.875s
sys	0m0.570s

real	14m31.123s
user	3m37.537s
sys	0m0.628s

real	14m32.015s
user	3m37.583s
sys	0m0.791s

real	14m36.269s
user	3m38.931s
sys	0m0.688s

real	14m38.395s
user	3m40.196s
sys	0m0.612s

real	14m39.032s
user	3m40.683s
sys	0m0.679s

real	14m40.925s
user	3m41.296s
sys	0m0.708s

real	14m46.721s
user	3m47.559s
sys	0m0.660s

real	14m46.761s
user	3m43.987s
sys	0m0.785s

real	14m47.477s
user	3m48.222s
sys	0m0.720s

real	14m54.772s
user	3m44.869s
sys	0m0.614s

real	14m57.453s
user	3m47.195s
sys	0m0.604s

real	15m0.448s
user	3m50.425s
sys	0m0.700s

real	15m8.723s
user	3m53.456s
sys	0m0.813s

real	15m8.789s
user	3m52.670s
sys	0m0.621s

real	15m12.244s
user	3m53.985s
sys	0m0.608s

real	15m12.983s
user	3m57.098s
sys	0m0.648s

real	15m14.616s
user	3m54.674s
sys	0m0.728s

real	15m15.817s
user	3m55.542s
sys	0m0.623s

real	15m19.258s
user	4m1.049s
sys	0m0.759s

real	15m21.869s
user	4m3.901s
sys	0m0.720s

real	15m21.942s
user	3m58.460s
sys	0m0.660s

real	15m26.422s
user	4m1.552s
sys	0m0.676s

real	15m41.554s
user	4m9.909s
sys	0m0.668s

real	15m45.342s
user	4m9.803s
sys	0m0.703s

real	15m45.999s
user	4m12.547s
sys	0m0.825s

real	15m47.695s
user	4m15.616s
sys	0m0.576s

real	15m48.883s
user	4m16.911s
sys	0m0.780s

real	15m50.097s
user	4m20.410s
sys	0m0.831s

real	15m51.850s
user	4m18.621s
sys	0m0.534s

real	15m52.419s
user	4m16.430s
sys	0m0.699s

real	15m52.926s
user	4m23.940s
sys	0m0.719s

real	15m53.642s
user	4m16.341s
sys	0m0.688s

real	15m53.822s
user	4m15.267s
sys	0m0.616s

real	15m54.092s
user	4m18.520s
sys	0m0.684s

real	15m56.945s
user	4m24.217s
sys	0m0.745s

real	15m57.356s
user	4m19.712s
sys	0m0.612s

real	15m57.480s
user	4m24.686s
sys	0m0.786s

real	16m1.356s
user	4m24.317s
sys	0m0.784s

real	16m2.953s
user	4m24.400s
sys	0m0.592s

real	16m5.020s
user	4m23.164s
sys	0m0.700s

real	16m5.800s
user	4m27.244s
sys	0m0.691s

real	16m8.520s
user	4m33.655s
sys	0m0.680s

real	16m10.197s
user	4m28.728s
sys	0m0.779s

real	16m10.391s
user	4m34.829s
sys	0m0.685s

real	16m11.859s
user	4m33.447s
sys	0m0.572s

real	16m12.496s
user	4m36.739s
sys	0m0.741s

real	16m12.510s
user	4m36.019s
sys	0m0.742s

real	16m15.538s
user	4m35.017s
sys	0m0.636s

real	16m16.534s
user	4m39.076s
sys	0m0.740s

real	16m16.793s
user	4m45.565s
sys	0m0.800s

real	16m17.372s
user	4m43.268s
sys	0m0.800s

real	16m20.496s
user	4m41.943s
sys	0m0.741s

real	16m23.435s
user	4m45.592s
sys	0m0.676s

real	16m25.425s
user	4m49.173s
sys	0m0.663s

real	16m26.812s
user	4m46.957s
sys	0m0.640s

real	16m27.049s
user	4m47.248s
sys	0m0.676s

real	16m27.042s
user	4m50.876s
sys	0m0.667s

real	16m28.156s
user	4m54.516s
sys	0m0.800s

real	16m28.166s
user	4m54.796s
sys	0m0.772s

real	16m29.929s
user	4m49.984s
sys	0m0.681s

real	16m31.664s
user	4m52.040s
sys	0m0.689s

real	16m32.237s
user	4m55.710s
sys	0m0.792s

real	16m32.367s
user	4m53.904s
sys	0m0.692s

real	16m34.674s
user	4m54.725s
sys	0m0.620s

real	16m36.252s
user	4m58.719s
sys	0m0.884s
exploit_sine_dense 300 done at Mon 26 Feb 2024 04:34:51 PM EST

real	11m42.368s
user	2m49.900s
sys	0m0.779s

real	11m44.716s
user	2m51.297s
sys	0m0.521s

real	11m55.760s
user	2m50.732s
sys	0m0.667s

real	12m7.361s
user	2m57.122s
sys	0m0.595s

real	12m10.732s
user	2m51.407s
sys	0m0.685s

real	12m22.581s
user	3m4.209s
sys	0m0.612s

real	12m26.956s
user	2m58.402s
sys	0m0.643s

real	12m27.635s
user	2m56.637s
sys	0m0.606s

real	12m37.262s
user	2m56.576s
sys	0m0.652s

real	13m3.334s
user	3m6.833s
sys	0m0.636s

real	13m3.571s
user	3m7.633s
sys	0m0.700s

real	13m7.579s
user	3m8.480s
sys	0m0.775s

real	13m11.609s
user	3m10.187s
sys	0m0.722s

real	13m16.216s
user	3m14.908s
sys	0m0.716s

real	13m22.905s
user	3m13.307s
sys	0m0.745s

real	13m27.650s
user	3m13.075s
sys	0m0.691s

real	13m29.887s
user	3m12.647s
sys	0m0.792s

real	13m34.551s
user	3m11.874s
sys	0m0.657s

real	13m34.934s
user	3m17.721s
sys	0m0.795s

real	13m41.016s
user	3m19.378s
sys	0m0.644s

real	13m46.176s
user	3m17.029s
sys	0m0.572s

real	13m46.529s
user	3m20.298s
sys	0m0.592s

real	13m47.064s
user	3m17.409s
sys	0m0.664s

real	13m52.532s
user	3m21.761s
sys	0m0.771s

real	13m54.452s
user	3m17.243s
sys	0m0.620s

real	13m56.625s
user	3m19.967s
sys	0m0.592s

real	13m56.691s
user	3m22.095s
sys	0m0.705s

real	13m58.797s
user	3m21.169s
sys	0m0.746s

real	14m7.909s
user	3m26.923s
sys	0m0.680s

real	14m13.852s
user	3m28.933s
sys	0m0.623s

real	14m15.632s
user	3m29.071s
sys	0m0.700s

real	14m16.242s
user	3m27.563s
sys	0m0.588s

real	14m17.629s
user	3m32.986s
sys	0m0.600s

real	14m18.765s
user	3m29.730s
sys	0m0.697s

real	14m23.007s
user	3m30.504s
sys	0m0.716s

real	14m25.485s
user	3m30.190s
sys	0m0.716s

real	14m28.261s
user	3m35.179s
sys	0m0.765s

real	14m30.243s
user	3m31.897s
sys	0m0.656s

real	14m32.028s
user	3m35.164s
sys	0m0.751s

real	14m32.749s
user	3m36.855s
sys	0m0.689s

real	14m39.156s
user	3m37.941s
sys	0m0.778s

real	14m40.065s
user	3m36.024s
sys	0m0.651s

real	14m46.574s
user	3m43.065s
sys	0m0.727s

real	14m50.239s
user	3m40.775s
sys	0m0.677s

real	14m50.991s
user	3m43.144s
sys	0m0.668s

real	14m56.557s
user	3m44.763s
sys	0m0.945s

real	14m58.813s
user	3m46.455s
sys	0m0.732s

real	15m0.453s
user	3m48.042s
sys	0m0.561s

real	15m0.825s
user	3m44.703s
sys	0m0.623s

real	15m1.614s
user	3m42.969s
sys	0m0.676s

real	15m19.039s
user	3m55.650s
sys	0m0.608s

real	15m22.732s
user	3m55.483s
sys	0m0.683s

real	15m29.348s
user	4m6.694s
sys	0m0.612s

real	15m34.587s
user	4m5.527s
sys	0m0.699s

real	15m39.310s
user	4m7.103s
sys	0m0.779s

real	15m42.833s
user	4m12.338s
sys	0m0.783s

real	15m44.328s
user	4m10.505s
sys	0m0.620s

real	15m48.284s
user	4m12.595s
sys	0m0.715s

real	15m50.866s
user	4m10.290s
sys	0m0.720s

real	15m52.167s
user	4m21.357s
sys	0m0.707s

real	15m56.367s
user	4m19.601s
sys	0m0.691s

real	15m58.810s
user	4m13.948s
sys	0m0.668s

real	16m0.233s
user	4m23.560s
sys	0m0.679s

real	16m5.199s
user	4m22.505s
sys	0m0.756s

real	16m6.929s
user	4m19.019s
sys	0m0.619s

real	16m7.334s
user	4m21.338s
sys	0m0.712s

real	16m9.331s
user	4m24.663s
sys	0m0.648s

real	16m9.942s
user	4m25.892s
sys	0m0.649s

real	16m18.016s
user	4m33.178s
sys	0m0.603s

real	16m22.195s
user	4m34.361s
sys	0m0.617s

real	16m22.917s
user	4m37.503s
sys	0m0.669s

real	16m24.907s
user	4m39.457s
sys	0m0.583s

real	16m26.304s
user	4m35.811s
sys	0m0.640s

real	16m28.095s
user	4m38.039s
sys	0m0.757s

real	16m28.918s
user	4m45.992s
sys	0m0.760s

real	16m29.948s
user	4m42.580s
sys	0m0.695s

real	16m30.227s
user	4m36.169s
sys	0m0.592s

real	16m32.707s
user	4m40.622s
sys	0m0.644s

real	16m34.024s
user	4m41.220s
sys	0m0.703s

real	16m34.589s
user	4m43.444s
sys	0m0.677s

real	16m35.054s
user	4m47.605s
sys	0m0.660s

real	16m39.204s
user	4m47.028s
sys	0m0.744s

real	16m40.658s
user	4m49.468s
sys	0m0.856s

real	16m41.103s
user	4m58.391s
sys	0m0.679s

real	16m41.538s
user	4m58.779s
sys	0m0.720s

real	16m42.226s
user	4m49.242s
sys	0m0.668s

real	16m42.498s
user	4m54.870s
sys	0m0.648s

real	16m44.113s
user	4m57.067s
sys	0m0.773s

real	16m44.563s
user	4m56.854s
sys	0m0.796s

real	16m44.564s
user	4m56.975s
sys	0m0.719s

real	16m44.616s
user	4m57.844s
sys	0m0.634s

real	16m44.755s
user	4m58.871s
sys	0m0.687s

real	16m45.665s
user	4m52.239s
sys	0m0.544s

real	16m46.563s
user	5m2.271s
sys	0m0.773s

real	16m47.144s
user	5m4.143s
sys	0m0.593s

real	16m47.846s
user	5m0.374s
sys	0m0.852s

real	16m48.161s
user	4m54.416s
sys	0m0.668s

real	16m48.869s
user	4m59.027s
sys	0m0.688s

real	16m49.200s
user	4m58.034s
sys	0m0.808s

real	16m49.332s
user	5m1.532s
sys	0m0.903s
exploit_sine_dense 400 done at Mon 26 Feb 2024 04:51:41 PM EST

real	4m21.553s
user	1m1.948s
sys	0m0.657s

real	4m24.593s
user	1m4.743s
sys	0m0.604s

real	4m31.292s
user	1m4.684s
sys	0m0.551s

real	4m34.068s
user	1m5.327s
sys	0m0.588s

real	4m34.266s
user	1m6.716s
sys	0m0.724s

real	4m36.553s
user	1m5.261s
sys	0m0.500s

real	4m39.322s
user	1m6.332s
sys	0m0.624s

real	4m40.928s
user	1m6.591s
sys	0m0.585s

real	4m42.332s
user	1m6.325s
sys	0m0.576s

real	4m45.441s
user	1m9.207s
sys	0m0.754s

real	4m45.996s
user	1m7.893s
sys	0m0.571s

real	4m46.589s
user	1m8.356s
sys	0m0.569s

real	4m46.902s
user	1m8.652s
sys	0m0.628s

real	4m53.171s
user	1m11.144s
sys	0m0.575s

real	4m53.290s
user	1m10.283s
sys	0m0.589s

real	4m55.214s
user	1m10.486s
sys	0m0.632s

real	4m56.024s
user	1m10.458s
sys	0m0.664s

real	4m56.233s
user	1m9.345s
sys	0m0.559s

real	4m57.284s
user	1m11.033s
sys	0m0.677s

real	4m57.921s
user	1m10.516s
sys	0m0.560s

real	4m59.910s
user	1m11.577s
sys	0m0.529s

real	5m2.554s
user	1m12.656s
sys	0m0.572s

real	5m2.735s
user	1m11.809s
sys	0m0.608s

real	5m6.525s
user	1m13.544s
sys	0m0.571s

real	5m7.754s
user	1m16.601s
sys	0m0.663s

real	5m9.076s
user	1m15.130s
sys	0m0.645s

real	5m11.413s
user	1m15.541s
sys	0m0.585s

real	5m15.066s
user	1m17.253s
sys	0m0.618s

real	5m17.840s
user	1m17.121s
sys	0m0.604s

real	5m20.289s
user	1m18.267s
sys	0m0.615s

real	5m20.864s
user	1m18.680s
sys	0m0.627s

real	5m21.159s
user	1m19.371s
sys	0m0.612s

real	5m21.922s
user	1m19.460s
sys	0m0.509s

real	5m22.325s
user	1m19.334s
sys	0m0.608s

real	5m22.877s
user	1m17.392s
sys	0m0.552s

real	5m25.188s
user	1m19.975s
sys	0m0.588s

real	5m25.506s
user	1m20.437s
sys	0m0.600s

real	5m28.803s
user	1m22.209s
sys	0m0.652s

real	5m30.189s
user	1m21.511s
sys	0m0.576s

real	5m32.037s
user	1m23.644s
sys	0m0.496s

real	5m33.202s
user	1m24.754s
sys	0m0.672s

real	5m36.513s
user	1m25.411s
sys	0m0.563s

real	5m36.891s
user	1m24.940s
sys	0m0.571s

real	5m37.446s
user	1m27.629s
sys	0m0.622s

real	5m37.673s
user	1m24.844s
sys	0m0.644s

real	5m38.173s
user	1m24.939s
sys	0m0.580s

real	5m38.946s
user	1m26.346s
sys	0m0.639s

real	5m39.437s
user	1m26.576s
sys	0m0.624s

real	5m40.760s
user	1m26.053s
sys	0m0.695s

real	5m41.298s
user	1m26.072s
sys	0m0.605s

real	5m41.971s
user	1m26.285s
sys	0m0.620s

real	5m42.615s
user	1m29.186s
sys	0m0.552s

real	5m42.887s
user	1m27.461s
sys	0m0.543s

real	5m43.328s
user	1m26.105s
sys	0m0.628s

real	5m43.785s
user	1m25.945s
sys	0m0.581s

real	5m47.654s
user	1m30.156s
sys	0m0.636s

real	5m49.693s
user	1m30.833s
sys	0m0.564s

real	5m50.438s
user	1m35.891s
sys	0m0.649s

real	5m51.726s
user	1m32.611s
sys	0m0.544s

real	5m52.142s
user	1m30.775s
sys	0m0.648s

real	5m52.250s
user	1m33.041s
sys	0m0.617s

real	5m52.465s
user	1m33.150s
sys	0m0.535s

real	5m52.725s
user	1m34.849s
sys	0m0.649s

real	5m52.827s
user	1m30.055s
sys	0m0.564s

real	5m53.320s
user	1m34.673s
sys	0m0.604s

real	5m53.456s
user	1m35.473s
sys	0m0.691s

real	5m53.670s
user	1m30.024s
sys	0m0.660s

real	5m54.908s
user	1m33.522s
sys	0m0.620s

real	5m55.565s
user	1m34.932s
sys	0m0.672s

real	5m55.772s
user	1m36.043s
sys	0m0.646s

real	5m56.063s
user	1m35.556s
sys	0m0.603s

real	5m56.481s
user	1m39.889s
sys	0m0.624s

real	5m56.702s
user	1m38.084s
sys	0m0.511s

real	5m58.058s
user	1m35.168s
sys	0m0.695s

real	5m58.302s
user	1m36.578s
sys	0m0.675s

real	5m58.385s
user	1m38.938s
sys	0m0.661s

real	5m58.725s
user	1m36.205s
sys	0m0.693s

real	5m59.539s
user	1m37.716s
sys	0m0.559s

real	6m0.201s
user	1m39.384s
sys	0m0.640s

real	6m0.979s
user	1m43.606s
sys	0m0.636s

real	6m1.210s
user	1m41.330s
sys	0m0.581s

real	6m1.396s
user	1m39.818s
sys	0m0.580s

real	6m1.402s
user	1m39.315s
sys	0m0.636s

real	6m2.450s
user	1m42.975s
sys	0m0.680s

real	6m2.598s
user	1m43.268s
sys	0m0.539s

real	6m2.764s
user	1m41.394s
sys	0m0.676s

real	6m2.918s
user	1m41.768s
sys	0m0.644s

real	6m3.223s
user	1m43.273s
sys	0m0.581s

real	6m3.284s
user	1m42.565s
sys	0m0.756s

real	6m3.520s
user	1m44.196s
sys	0m0.595s

real	6m3.574s
user	1m44.555s
sys	0m0.568s

real	6m3.834s
user	1m43.193s
sys	0m0.716s

real	6m3.961s
user	1m42.840s
sys	0m0.568s

real	6m4.370s
user	1m43.660s
sys	0m0.708s

real	6m4.433s
user	1m45.009s
sys	0m0.664s

real	6m5.259s
user	1m44.172s
sys	0m0.599s

real	6m5.393s
user	1m43.767s
sys	0m0.685s

real	6m5.467s
user	1m44.833s
sys	0m0.606s

real	6m5.753s
user	1m43.967s
sys	0m0.644s

real	6m5.958s
user	1m44.684s
sys	0m0.548s
exploit_triangle_dense 100 done at Mon 26 Feb 2024 04:57:47 PM EST

real	4m22.048s
user	1m2.622s
sys	0m0.731s

real	4m22.444s
user	1m5.258s
sys	0m0.601s

real	4m23.187s
user	1m3.780s
sys	0m0.537s

real	4m24.908s
user	1m4.955s
sys	0m0.595s

real	4m26.682s
user	1m4.628s
sys	0m0.611s

real	4m27.137s
user	1m2.359s
sys	0m0.655s

real	4m30.117s
user	1m4.579s
sys	0m0.671s

real	4m30.917s
user	1m4.007s
sys	0m0.565s

real	4m34.419s
user	1m6.597s
sys	0m0.664s

real	4m35.235s
user	1m5.944s
sys	0m0.628s

real	4m36.766s
user	1m5.313s
sys	0m0.627s

real	4m37.120s
user	1m4.986s
sys	0m0.607s

real	4m37.523s
user	1m7.676s
sys	0m0.639s

real	4m38.101s
user	1m6.773s
sys	0m0.608s

real	4m38.216s
user	1m4.747s
sys	0m0.553s

real	4m48.128s
user	1m6.808s
sys	0m0.680s

real	4m49.541s
user	1m10.275s
sys	0m0.751s

real	4m52.272s
user	1m10.040s
sys	0m0.645s

real	4m55.716s
user	1m11.894s
sys	0m0.661s

real	4m55.780s
user	1m12.748s
sys	0m0.569s

real	4m58.101s
user	1m12.326s
sys	0m0.624s

real	4m58.488s
user	1m12.079s
sys	0m0.541s

real	4m59.758s
user	1m11.743s
sys	0m0.565s

real	4m59.961s
user	1m14.290s
sys	0m0.575s

real	5m0.137s
user	1m12.310s
sys	0m0.634s

real	5m2.406s
user	1m13.530s
sys	0m0.607s

real	5m6.640s
user	1m13.844s
sys	0m0.580s

real	5m7.592s
user	1m15.601s
sys	0m0.829s

real	5m7.687s
user	1m14.193s
sys	0m0.584s

real	5m11.376s
user	1m17.602s
sys	0m0.567s

real	5m11.933s
user	1m16.955s
sys	0m0.584s

real	5m13.610s
user	1m16.327s
sys	0m0.595s

real	5m17.928s
user	1m18.469s
sys	0m0.647s

real	5m18.042s
user	1m18.685s
sys	0m0.496s

real	5m19.315s
user	1m18.783s
sys	0m0.582s

real	5m22.404s
user	1m20.765s
sys	0m0.642s

real	5m22.733s
user	1m19.757s
sys	0m0.508s

real	5m24.192s
user	1m24.536s
sys	0m0.630s

real	5m24.385s
user	1m21.623s
sys	0m0.591s

real	5m26.097s
user	1m21.355s
sys	0m0.620s

real	5m26.399s
user	1m22.402s
sys	0m0.602s

real	5m27.443s
user	1m21.347s
sys	0m0.692s

real	5m27.912s
user	1m19.785s
sys	0m0.660s

real	5m29.577s
user	1m22.504s
sys	0m0.719s

real	5m30.399s
user	1m24.528s
sys	0m0.544s

real	5m31.470s
user	1m23.253s
sys	0m0.567s

real	5m31.842s
user	1m23.535s
sys	0m0.439s

real	5m33.397s
user	1m24.646s
sys	0m0.658s

real	5m34.657s
user	1m26.442s
sys	0m0.562s

real	5m35.048s
user	1m25.481s
sys	0m0.610s

real	5m35.276s
user	1m24.737s
sys	0m0.733s

real	5m37.521s
user	1m26.324s
sys	0m0.631s

real	5m38.821s
user	1m25.237s
sys	0m0.555s

real	5m39.368s
user	1m28.586s
sys	0m0.519s

real	5m40.314s
user	1m25.978s
sys	0m0.648s

real	5m40.646s
user	1m27.352s
sys	0m0.608s

real	5m41.878s
user	1m28.842s
sys	0m0.673s

real	5m44.382s
user	1m31.153s
sys	0m0.677s

real	5m44.613s
user	1m31.478s
sys	0m0.599s

real	5m44.895s
user	1m30.394s
sys	0m0.562s

real	5m46.077s
user	1m34.257s
sys	0m0.584s

real	5m46.622s
user	1m33.052s
sys	0m0.636s

real	5m47.884s
user	1m32.252s
sys	0m0.668s

real	5m48.301s
user	1m31.998s
sys	0m0.524s

real	5m50.174s
user	1m34.682s
sys	0m0.548s

real	5m50.390s
user	1m32.844s
sys	0m0.680s

real	5m53.026s
user	1m36.435s
sys	0m0.572s

real	5m53.146s
user	1m35.889s
sys	0m0.636s

real	5m53.279s
user	1m37.655s
sys	0m0.735s

real	5m53.650s
user	1m37.758s
sys	0m0.575s

real	5m53.790s
user	1m36.435s
sys	0m0.532s

real	5m54.380s
user	1m37.729s
sys	0m0.675s

real	5m55.432s
user	1m39.512s
sys	0m0.615s

real	5m55.523s
user	1m38.615s
sys	0m0.548s

real	5m55.711s
user	1m37.763s
sys	0m0.577s

real	5m55.869s
user	1m38.659s
sys	0m0.594s

real	5m55.949s
user	1m39.347s
sys	0m0.637s

real	5m56.336s
user	1m38.390s
sys	0m0.656s

real	5m56.722s
user	1m39.157s
sys	0m0.679s

real	5m56.914s
user	1m39.279s
sys	0m0.698s

real	5m57.107s
user	1m39.676s
sys	0m0.612s

real	5m57.149s
user	1m38.507s
sys	0m0.618s

real	5m57.663s
user	1m41.613s
sys	0m0.547s

real	5m57.908s
user	1m38.707s
sys	0m0.703s

real	5m58.017s
user	1m38.437s
sys	0m0.580s

real	5m58.537s
user	1m41.224s
sys	0m0.588s

real	5m58.673s
user	1m40.575s
sys	0m0.572s

real	5m58.729s
user	1m41.491s
sys	0m0.567s

real	5m59.166s
user	1m40.759s
sys	0m0.539s

real	5m59.332s
user	1m40.499s
sys	0m0.639s

real	5m59.574s
user	1m42.513s
sys	0m0.620s

real	5m59.641s
user	1m42.384s
sys	0m0.566s

real	5m59.714s
user	1m44.643s
sys	0m0.612s

real	6m0.513s
user	1m42.340s
sys	0m0.604s

real	6m0.713s
user	1m41.673s
sys	0m0.568s

real	6m0.954s
user	1m44.015s
sys	0m0.580s

real	6m1.591s
user	1m43.624s
sys	0m0.606s

real	6m1.922s
user	1m45.400s
sys	0m0.544s

real	6m2.320s
user	1m45.217s
sys	0m0.694s

real	6m3.115s
user	1m45.543s
sys	0m0.553s
exploit_triangle_dense 200 done at Mon 26 Feb 2024 05:03:50 PM EST

real	4m21.311s
user	1m3.497s
sys	0m0.619s

real	4m21.990s
user	1m2.950s
sys	0m0.715s

real	4m22.094s
user	1m2.590s
sys	0m0.563s

real	4m33.435s
user	1m6.494s
sys	0m0.596s

real	4m35.699s
user	1m4.313s
sys	0m0.651s

real	4m39.464s
user	1m6.306s
sys	0m0.517s

real	4m39.578s
user	1m6.972s
sys	0m0.604s

real	4m41.644s
user	1m7.761s
sys	0m0.609s

real	4m46.264s
user	1m9.180s
sys	0m0.542s

real	4m48.819s
user	1m8.329s
sys	0m0.568s

real	4m49.348s
user	1m11.163s
sys	0m0.551s

real	4m52.822s
user	1m10.765s
sys	0m0.612s

real	4m52.875s
user	1m8.626s
sys	0m0.649s

real	4m58.238s
user	1m11.622s
sys	0m0.680s

real	4m58.778s
user	1m12.332s
sys	0m0.599s

real	4m59.727s
user	1m11.386s
sys	0m0.561s

real	5m1.906s
user	1m14.996s
sys	0m0.544s

real	5m2.939s
user	1m12.884s
sys	0m0.592s

real	5m6.304s
user	1m14.869s
sys	0m0.468s

real	5m7.701s
user	1m13.512s
sys	0m0.540s

real	5m8.383s
user	1m14.732s
sys	0m0.612s

real	5m8.735s
user	1m14.392s
sys	0m0.619s

real	5m10.888s
user	1m15.681s
sys	0m0.543s

real	5m11.707s
user	1m15.922s
sys	0m0.686s

real	5m14.411s
user	1m16.298s
sys	0m0.495s

real	5m14.489s
user	1m16.344s
sys	0m0.556s

real	5m15.492s
user	1m16.547s
sys	0m0.552s

real	5m17.221s
user	1m17.039s
sys	0m0.521s

real	5m17.599s
user	1m17.193s
sys	0m0.724s

real	5m18.330s
user	1m18.516s
sys	0m0.621s

real	5m18.628s
user	1m18.534s
sys	0m0.536s

real	5m19.261s
user	1m17.646s
sys	0m0.604s

real	5m21.641s
user	1m17.139s
sys	0m0.537s

real	5m23.845s
user	1m22.527s
sys	0m0.614s

real	5m24.760s
user	1m20.415s
sys	0m0.615s

real	5m24.911s
user	1m19.339s
sys	0m0.552s

real	5m30.018s
user	1m24.569s
sys	0m0.500s

real	5m30.757s
user	1m23.613s
sys	0m0.552s

real	5m33.103s
user	1m22.720s
sys	0m0.508s

real	5m33.916s
user	1m22.683s
sys	0m0.599s

real	5m34.585s
user	1m24.265s
sys	0m0.562s

real	5m35.054s
user	1m22.648s
sys	0m0.596s

real	5m36.918s
user	1m23.840s
sys	0m0.551s

real	5m37.301s
user	1m24.769s
sys	0m0.553s

real	5m39.224s
user	1m26.076s
sys	0m0.553s

real	5m40.415s
user	1m24.676s
sys	0m0.585s

real	5m41.129s
user	1m25.752s
sys	0m0.596s

real	5m45.783s
user	1m28.609s
sys	0m0.568s

real	5m48.434s
user	1m30.697s
sys	0m0.537s

real	5m50.442s
user	1m30.184s
sys	0m0.692s

real	5m51.093s
user	1m30.497s
sys	0m0.616s

real	5m51.421s
user	1m31.328s
sys	0m0.693s

real	5m54.377s
user	1m31.895s
sys	0m0.608s

real	5m54.509s
user	1m32.703s
sys	0m0.629s

real	5m54.873s
user	1m33.143s
sys	0m0.424s

real	5m57.212s
user	1m32.539s
sys	0m0.482s

real	5m57.781s
user	1m35.020s
sys	0m0.564s

real	5m58.482s
user	1m34.500s
sys	0m0.495s

real	5m59.140s
user	1m32.797s
sys	0m0.565s

real	5m59.607s
user	1m36.595s
sys	0m0.612s

real	5m59.949s
user	1m35.454s
sys	0m0.580s

real	6m1.467s
user	1m35.449s
sys	0m0.716s

real	6m1.988s
user	1m35.008s
sys	0m0.548s

real	6m2.133s
user	1m37.767s
sys	0m0.595s

real	6m2.293s
user	1m36.126s
sys	0m0.692s

real	6m2.393s
user	1m35.560s
sys	0m0.485s

real	6m2.623s
user	1m37.259s
sys	0m0.658s

real	6m2.763s
user	1m38.322s
sys	0m0.592s

real	6m3.338s
user	1m39.355s
sys	0m0.770s

real	6m4.109s
user	1m37.843s
sys	0m0.599s

real	6m4.718s
user	1m38.076s
sys	0m0.724s

real	6m4.787s
user	1m40.104s
sys	0m0.512s

real	6m5.742s
user	1m40.037s
sys	0m0.560s

real	6m7.118s
user	1m39.707s
sys	0m0.644s

real	6m7.378s
user	1m42.662s
sys	0m0.625s

real	6m7.613s
user	1m42.456s
sys	0m0.516s

real	6m7.704s
user	1m42.011s
sys	0m0.667s

real	6m7.826s
user	1m41.878s
sys	0m0.653s

real	6m7.920s
user	1m42.783s
sys	0m0.576s

real	6m7.963s
user	1m41.211s
sys	0m0.547s

real	6m8.420s
user	1m40.678s
sys	0m0.590s

real	6m8.717s
user	1m43.795s
sys	0m0.587s

real	6m8.836s
user	1m41.460s
sys	0m0.668s

real	6m8.904s
user	1m41.824s
sys	0m0.692s

real	6m9.205s
user	1m43.727s
sys	0m0.531s

real	6m9.329s
user	1m42.746s
sys	0m0.652s

real	6m9.466s
user	1m43.806s
sys	0m0.500s

real	6m9.578s
user	1m44.564s
sys	0m0.640s

real	6m9.728s
user	1m42.821s
sys	0m0.613s

real	6m9.762s
user	1m43.424s
sys	0m0.489s

real	6m9.904s
user	1m43.466s
sys	0m0.563s

real	6m10.055s
user	1m45.234s
sys	0m0.528s

real	6m10.172s
user	1m43.504s
sys	0m0.521s

real	6m10.374s
user	1m43.922s
sys	0m0.787s

real	6m10.455s
user	1m45.132s
sys	0m0.527s

real	6m10.535s
user	1m45.554s
sys	0m0.599s

real	6m10.879s
user	1m42.050s
sys	0m0.652s

real	6m10.976s
user	1m45.115s
sys	0m0.696s

real	6m11.471s
user	1m45.640s
sys	0m0.528s

real	6m12.763s
user	1m45.889s
sys	0m0.575s
exploit_triangle_dense 300 done at Mon 26 Feb 2024 05:10:03 PM EST

real	4m28.710s
user	1m4.721s
sys	0m0.684s

real	4m31.361s
user	1m4.997s
sys	0m0.638s

real	4m33.506s
user	1m5.033s
sys	0m0.685s

real	4m34.019s
user	1m5.491s
sys	0m0.657s

real	4m36.284s
user	1m5.656s
sys	0m0.549s

real	4m44.596s
user	1m9.157s
sys	0m0.579s

real	4m46.584s
user	1m5.755s
sys	0m0.564s

real	4m48.460s
user	1m9.466s
sys	0m0.672s

real	4m49.827s
user	1m9.653s
sys	0m0.700s

real	4m50.876s
user	1m10.277s
sys	0m0.565s

real	4m52.091s
user	1m9.190s
sys	0m0.668s

real	4m54.129s
user	1m9.966s
sys	0m0.966s

real	4m54.808s
user	1m10.088s
sys	0m0.657s

real	4m54.962s
user	1m8.528s
sys	0m0.728s

real	4m55.291s
user	1m11.924s
sys	0m0.577s

real	4m55.362s
user	1m10.663s
sys	0m0.617s

real	4m56.532s
user	1m11.014s
sys	0m0.541s

real	4m57.979s
user	1m11.431s
sys	0m0.616s

real	5m0.711s
user	1m12.422s
sys	0m0.697s

real	5m0.834s
user	1m12.639s
sys	0m0.648s

real	5m2.624s
user	1m14.169s
sys	0m0.637s

real	5m2.968s
user	1m14.449s
sys	0m0.652s

real	5m4.146s
user	1m14.001s
sys	0m0.668s

real	5m6.324s
user	1m12.612s
sys	0m0.507s

real	5m6.680s
user	1m12.201s
sys	0m0.610s

real	5m7.235s
user	1m13.736s
sys	0m0.509s

real	5m9.305s
user	1m16.400s
sys	0m0.635s

real	5m10.428s
user	1m14.528s
sys	0m0.599s

real	5m11.393s
user	1m15.245s
sys	0m0.553s

real	5m12.942s
user	1m15.045s
sys	0m0.688s

real	5m13.277s
user	1m16.059s
sys	0m0.647s

real	5m13.742s
user	1m17.406s
sys	0m0.595s

real	5m14.298s
user	1m15.369s
sys	0m0.697s

real	5m15.251s
user	1m16.210s
sys	0m0.728s

real	5m16.493s
user	1m17.637s
sys	0m0.671s

real	5m18.431s
user	1m16.931s
sys	0m0.720s

real	5m19.273s
user	1m17.481s
sys	0m0.636s

real	5m19.929s
user	1m18.083s
sys	0m0.606s

real	5m22.605s
user	1m22.062s
sys	0m0.618s

real	5m25.144s
user	1m20.193s
sys	0m0.659s

real	5m26.689s
user	1m19.928s
sys	0m0.495s

real	5m26.855s
user	1m22.920s
sys	0m0.649s

real	5m27.167s
user	1m23.155s
sys	0m0.700s

real	5m27.337s
user	1m23.977s
sys	0m0.735s

real	5m27.295s
user	1m20.117s
sys	0m0.616s

real	5m27.586s
user	1m20.429s
sys	0m0.672s

real	5m27.749s
user	1m19.784s
sys	0m0.520s

real	5m27.936s
user	1m21.427s
sys	0m0.561s

real	5m31.214s
user	1m24.949s
sys	0m0.559s

real	5m31.753s
user	1m23.568s
sys	0m0.629s

real	5m33.174s
user	1m24.358s
sys	0m0.625s

real	5m33.746s
user	1m24.312s
sys	0m0.660s

real	5m34.776s
user	1m26.588s
sys	0m0.619s

real	5m35.070s
user	1m25.227s
sys	0m0.553s

real	5m36.096s
user	1m23.464s
sys	0m0.652s

real	5m36.938s
user	1m26.796s
sys	0m0.583s

real	5m37.808s
user	1m26.987s
sys	0m0.641s

real	5m40.015s
user	1m29.217s
sys	0m0.600s

real	5m40.255s
user	1m27.178s
sys	0m0.556s

real	5m40.441s
user	1m26.584s
sys	0m0.691s

real	5m41.534s
user	1m28.744s
sys	0m0.678s

real	5m41.753s
user	1m26.879s
sys	0m0.563s

real	5m42.441s
user	1m29.929s
sys	0m0.596s

real	5m42.603s
user	1m31.555s
sys	0m0.764s

real	5m43.165s
user	1m29.063s
sys	0m0.720s

real	5m43.239s
user	1m29.943s
sys	0m0.651s

real	5m45.125s
user	1m31.879s
sys	0m0.566s

real	5m45.475s
user	1m32.843s
sys	0m0.624s

real	5m45.966s
user	1m31.190s
sys	0m0.552s

real	5m46.057s
user	1m31.645s
sys	0m0.556s

real	5m47.353s
user	1m32.322s
sys	0m0.567s

real	5m47.782s
user	1m35.179s
sys	0m0.620s

real	5m47.879s
user	1m33.585s
sys	0m0.641s

real	5m48.600s
user	1m35.161s
sys	0m0.603s

real	5m49.581s
user	1m36.070s
sys	0m0.643s

real	5m50.936s
user	1m34.182s
sys	0m0.612s

real	5m51.158s
user	1m34.815s
sys	0m0.621s

real	5m51.428s
user	1m37.795s
sys	0m0.520s

real	5m51.828s
user	1m35.894s
sys	0m0.452s

real	5m52.327s
user	1m37.022s
sys	0m0.657s

real	5m53.100s
user	1m38.106s
sys	0m0.680s

real	5m53.726s
user	1m38.329s
sys	0m0.588s

real	5m54.122s
user	1m38.471s
sys	0m0.612s

real	5m54.326s
user	1m38.832s
sys	0m0.667s

real	5m54.349s
user	1m40.934s
sys	0m0.570s

real	5m54.396s
user	1m40.696s
sys	0m0.683s

real	5m54.419s
user	1m39.064s
sys	0m0.624s

real	5m55.052s
user	1m42.785s
sys	0m0.748s

real	5m55.359s
user	1m38.678s
sys	0m0.629s

real	5m55.503s
user	1m38.966s
sys	0m0.579s

real	5m55.579s
user	1m41.902s
sys	0m0.518s

real	5m55.893s
user	1m40.659s
sys	0m0.636s

real	5m56.654s
user	1m40.442s
sys	0m0.544s

real	5m57.068s
user	1m43.067s
sys	0m0.617s

real	5m57.691s
user	1m43.075s
sys	0m0.509s

real	5m57.903s
user	1m42.014s
sys	0m0.714s

real	5m58.028s
user	1m42.905s
sys	0m0.593s

real	5m58.147s
user	1m41.483s
sys	0m0.643s

real	5m58.535s
user	1m42.289s
sys	0m0.616s

real	5m59.042s
user	1m44.102s
sys	0m0.560s
exploit_triangle_dense 400 done at Mon 26 Feb 2024 05:16:02 PM EST

real	3m57.746s
user	0m58.240s
sys	0m0.588s

real	3m58.401s
user	0m57.350s
sys	0m0.829s

real	3m59.985s
user	0m56.796s
sys	0m0.576s

real	4m0.791s
user	0m57.648s
sys	0m0.565s

real	4m3.150s
user	0m56.969s
sys	0m0.690s

real	4m3.617s
user	0m57.460s
sys	0m0.548s

real	4m4.964s
user	0m58.316s
sys	0m0.580s

real	4m5.279s
user	1m0.730s
sys	0m0.587s

real	4m5.388s
user	0m59.463s
sys	0m0.644s

real	4m6.408s
user	0m58.921s
sys	0m0.663s

real	4m7.824s
user	0m58.897s
sys	0m0.545s

real	4m8.773s
user	0m59.885s
sys	0m0.489s

real	4m8.796s
user	1m0.207s
sys	0m0.583s

real	4m9.047s
user	0m59.118s
sys	0m0.519s

real	4m9.321s
user	0m58.718s
sys	0m0.635s

real	4m10.496s
user	0m59.354s
sys	0m0.540s

real	4m10.501s
user	0m59.992s
sys	0m0.639s

real	4m11.318s
user	0m59.869s
sys	0m0.560s

real	4m12.101s
user	1m1.212s
sys	0m0.749s

real	4m16.953s
user	1m0.903s
sys	0m0.608s

real	4m17.745s
user	1m0.748s
sys	0m0.553s

real	4m18.704s
user	1m3.062s
sys	0m0.716s

real	4m20.327s
user	1m2.061s
sys	0m0.553s

real	4m23.152s
user	1m2.960s
sys	0m0.646s

real	4m23.966s
user	1m3.906s
sys	0m0.476s

real	4m30.563s
user	1m5.142s
sys	0m0.597s

real	4m31.246s
user	1m6.226s
sys	0m0.566s

real	4m31.384s
user	1m6.175s
sys	0m0.514s

real	4m32.800s
user	1m6.302s
sys	0m0.572s

real	4m34.008s
user	1m6.933s
sys	0m0.732s

real	4m34.900s
user	1m6.956s
sys	0m0.587s

real	4m35.716s
user	1m6.328s
sys	0m0.640s

real	4m36.298s
user	1m6.590s
sys	0m0.524s

real	4m36.921s
user	1m7.719s
sys	0m0.805s

real	4m37.180s
user	1m6.924s
sys	0m0.572s

real	4m38.447s
user	1m8.731s
sys	0m0.550s

real	4m38.571s
user	1m7.661s
sys	0m0.699s

real	4m39.093s
user	1m9.064s
sys	0m0.555s

real	4m39.140s
user	1m9.921s
sys	0m0.621s

real	4m39.667s
user	1m10.501s
sys	0m0.565s

real	4m39.734s
user	1m8.029s
sys	0m0.496s

real	4m40.896s
user	1m7.679s
sys	0m0.729s

real	4m40.996s
user	1m8.709s
sys	0m0.573s

real	4m42.289s
user	1m9.684s
sys	0m0.676s

real	4m43.243s
user	1m10.092s
sys	0m0.564s

real	4m43.330s
user	1m8.961s
sys	0m0.588s

real	4m43.382s
user	1m9.876s
sys	0m0.548s

real	4m44.595s
user	1m10.869s
sys	0m0.635s

real	4m45.413s
user	1m12.857s
sys	0m0.656s

real	4m45.526s
user	1m11.217s
sys	0m0.616s

real	4m46.483s
user	1m11.717s
sys	0m0.609s

real	4m47.574s
user	1m11.799s
sys	0m0.576s

real	4m47.944s
user	1m14.126s
sys	0m0.511s

real	4m48.293s
user	1m11.808s
sys	0m0.476s

real	4m48.344s
user	1m13.112s
sys	0m0.488s

real	4m48.758s
user	1m12.234s
sys	0m0.601s

real	4m49.624s
user	1m12.787s
sys	0m0.577s

real	4m52.710s
user	1m14.400s
sys	0m0.542s

real	4m53.900s
user	1m17.994s
sys	0m0.588s

real	4m54.634s
user	1m16.045s
sys	0m0.559s

real	4m54.878s
user	1m15.156s
sys	0m0.527s

real	4m56.260s
user	1m17.405s
sys	0m0.517s

real	4m58.222s
user	1m18.792s
sys	0m0.577s

real	4m58.764s
user	1m18.820s
sys	0m0.583s

real	4m59.525s
user	1m18.848s
sys	0m0.524s

real	4m59.606s
user	1m19.666s
sys	0m0.613s

real	4m59.664s
user	1m21.107s
sys	0m0.599s

real	4m59.853s
user	1m19.292s
sys	0m0.652s

real	5m0.084s
user	1m18.692s
sys	0m0.543s

real	5m0.514s
user	1m19.725s
sys	0m0.648s

real	5m1.024s
user	1m19.036s
sys	0m0.573s

real	5m2.064s
user	1m21.486s
sys	0m0.580s

real	5m2.496s
user	1m22.447s
sys	0m0.697s

real	5m2.738s
user	1m22.855s
sys	0m0.621s

real	5m3.373s
user	1m23.096s
sys	0m0.635s

real	5m3.906s
user	1m23.016s
sys	0m0.660s

real	5m4.328s
user	1m23.049s
sys	0m0.625s

real	5m4.630s
user	1m23.038s
sys	0m0.593s

real	5m6.331s
user	1m27.839s
sys	0m0.499s

real	5m6.596s
user	1m26.143s
sys	0m0.697s

real	5m6.637s
user	1m27.691s
sys	0m0.663s

real	5m7.671s
user	1m25.764s
sys	0m0.550s

real	5m8.056s
user	1m26.869s
sys	0m0.635s

real	5m8.133s
user	1m27.606s
sys	0m0.595s

real	5m8.924s
user	1m27.209s
sys	0m0.577s

real	5m8.915s
user	1m27.708s
sys	0m0.539s

real	5m9.009s
user	1m30.878s
sys	0m0.596s

real	5m9.044s
user	1m29.946s
sys	0m0.600s

real	5m9.424s
user	1m27.494s
sys	0m0.559s

real	5m9.414s
user	1m32.058s
sys	0m0.755s

real	5m9.538s
user	1m29.111s
sys	0m0.615s

real	5m9.745s
user	1m28.440s
sys	0m0.664s

real	5m10.553s
user	1m30.628s
sys	0m0.627s

real	5m10.845s
user	1m30.611s
sys	0m0.715s

real	5m10.943s
user	1m29.992s
sys	0m0.604s

real	5m11.202s
user	1m32.605s
sys	0m0.536s

real	5m11.530s
user	1m29.493s
sys	0m0.593s

real	5m11.917s
user	1m31.103s
sys	0m0.634s

real	5m12.276s
user	1m33.181s
sys	0m0.504s

real	5m13.920s
user	1m33.238s
sys	0m0.564s
exploit_nascar_dense 100 done at Mon 26 Feb 2024 05:21:16 PM EST

real	4m4.552s
user	0m59.510s
sys	0m0.536s

real	4m7.589s
user	0m58.462s
sys	0m0.599s

real	4m8.414s
user	0m57.764s
sys	0m0.738s

real	4m11.016s
user	0m59.628s
sys	0m0.700s

real	4m14.228s
user	0m59.467s
sys	0m0.544s

real	4m14.337s
user	1m0.001s
sys	0m0.594s

real	4m17.652s
user	1m1.663s
sys	0m0.508s

real	4m18.246s
user	1m2.406s
sys	0m0.493s

real	4m19.013s
user	1m1.200s
sys	0m0.512s

real	4m19.754s
user	1m2.617s
sys	0m0.679s

real	4m19.844s
user	1m0.665s
sys	0m0.589s

real	4m20.101s
user	1m2.216s
sys	0m0.564s

real	4m21.610s
user	1m2.752s
sys	0m0.577s

real	4m23.371s
user	1m2.195s
sys	0m0.549s

real	4m25.280s
user	1m2.224s
sys	0m0.576s

real	4m25.649s
user	1m4.345s
sys	0m0.536s

real	4m28.472s
user	1m5.047s
sys	0m0.639s

real	4m28.601s
user	1m5.432s
sys	0m0.632s

real	4m28.891s
user	1m7.249s
sys	0m0.656s

real	4m29.353s
user	1m4.046s
sys	0m0.608s

real	4m32.726s
user	1m4.932s
sys	0m0.629s

real	4m34.529s
user	1m8.042s
sys	0m0.536s

real	4m35.236s
user	1m7.046s
sys	0m0.581s

real	4m35.399s
user	1m5.869s
sys	0m0.676s

real	4m36.181s
user	1m6.331s
sys	0m0.770s

real	4m36.988s
user	1m5.577s
sys	0m0.648s

real	4m37.341s
user	1m6.856s
sys	0m0.717s

real	4m37.313s
user	1m5.321s
sys	0m0.616s

real	4m40.394s
user	1m8.409s
sys	0m0.757s

real	4m40.697s
user	1m8.276s
sys	0m0.736s

real	4m42.927s
user	1m8.313s
sys	0m0.545s

real	4m43.614s
user	1m9.427s
sys	0m0.604s

real	4m44.688s
user	1m9.099s
sys	0m0.628s

real	4m44.681s
user	1m9.148s
sys	0m0.527s

real	4m44.804s
user	1m9.001s
sys	0m0.658s

real	4m44.911s
user	1m8.567s
sys	0m0.568s

real	4m47.752s
user	1m10.108s
sys	0m0.564s

real	4m49.462s
user	1m12.567s
sys	0m0.512s

real	4m50.544s
user	1m13.180s
sys	0m0.572s

real	4m51.234s
user	1m10.574s
sys	0m0.567s

real	4m52.662s
user	1m12.966s
sys	0m0.631s

real	4m53.041s
user	1m11.615s
sys	0m0.652s

real	4m53.084s
user	1m11.636s
sys	0m0.534s

real	4m53.813s
user	1m13.319s
sys	0m0.700s

real	4m54.085s
user	1m11.921s
sys	0m0.580s

real	4m54.524s
user	1m11.591s
sys	0m0.593s

real	4m55.285s
user	1m15.260s
sys	0m0.663s

real	4m56.077s
user	1m15.572s
sys	0m0.657s

real	4m56.938s
user	1m13.913s
sys	0m0.577s

real	4m57.043s
user	1m16.138s
sys	0m0.589s

real	4m57.951s
user	1m14.701s
sys	0m0.535s

real	4m59.230s
user	1m14.427s
sys	0m0.591s

real	4m59.925s
user	1m16.157s
sys	0m0.594s

real	5m0.221s
user	1m16.722s
sys	0m0.575s

real	5m0.315s
user	1m15.871s
sys	0m0.576s

real	5m0.402s
user	1m14.797s
sys	0m0.664s

real	5m0.848s
user	1m16.031s
sys	0m0.652s

real	5m1.776s
user	1m16.259s
sys	0m0.571s

real	5m2.449s
user	1m17.111s
sys	0m0.632s

real	5m3.377s
user	1m19.039s
sys	0m0.688s

real	5m3.562s
user	1m18.357s
sys	0m0.525s

real	5m3.598s
user	1m16.769s
sys	0m0.690s

real	5m3.900s
user	1m16.388s
sys	0m0.711s

real	5m4.205s
user	1m18.479s
sys	0m0.624s

real	5m4.355s
user	1m19.780s
sys	0m0.699s

real	5m4.640s
user	1m17.833s
sys	0m0.717s

real	5m4.930s
user	1m17.779s
sys	0m0.548s

real	5m5.797s
user	1m20.686s
sys	0m0.739s

real	5m6.125s
user	1m21.833s
sys	0m0.675s

real	5m6.169s
user	1m19.054s
sys	0m0.753s

real	5m6.284s
user	1m18.422s
sys	0m0.680s

real	5m7.103s
user	1m18.311s
sys	0m0.647s

real	5m8.111s
user	1m22.051s
sys	0m0.564s

real	5m8.242s
user	1m20.808s
sys	0m0.676s

real	5m8.661s
user	1m20.341s
sys	0m0.632s

real	5m9.003s
user	1m20.841s
sys	0m0.539s

real	5m10.730s
user	1m23.129s
sys	0m0.692s

real	5m11.451s
user	1m26.832s
sys	0m0.598s

real	5m11.522s
user	1m25.158s
sys	0m0.720s

real	5m12.163s
user	1m27.071s
sys	0m0.568s

real	5m12.251s
user	1m26.199s
sys	0m0.644s

real	5m12.493s
user	1m27.752s
sys	0m0.639s

real	5m12.738s
user	1m27.286s
sys	0m0.619s

real	5m12.917s
user	1m25.933s
sys	0m0.677s

real	5m13.116s
user	1m26.648s
sys	0m0.564s

real	5m14.683s
user	1m27.291s
sys	0m0.437s

real	5m14.766s
user	1m28.116s
sys	0m0.630s

real	5m14.760s
user	1m27.879s
sys	0m0.721s

real	5m15.186s
user	1m27.345s
sys	0m0.715s

real	5m15.348s
user	1m27.906s
sys	0m0.568s

real	5m15.341s
user	1m29.256s
sys	0m0.760s

real	5m15.517s
user	1m27.534s
sys	0m0.735s

real	5m15.620s
user	1m27.842s
sys	0m0.628s

real	5m15.619s
user	1m27.138s
sys	0m0.710s

real	5m15.654s
user	1m27.711s
sys	0m0.636s

real	5m15.978s
user	1m30.226s
sys	0m0.577s

real	5m16.605s
user	1m30.937s
sys	0m0.727s

real	5m17.055s
user	1m28.544s
sys	0m0.529s

real	5m17.201s
user	1m30.127s
sys	0m0.599s

real	5m18.249s
user	1m30.212s
sys	0m0.724s
exploit_nascar_dense 200 done at Mon 26 Feb 2024 05:26:34 PM EST

real	4m0.622s
user	0m55.987s
sys	0m0.584s

real	4m1.914s
user	0m57.442s
sys	0m0.599s

real	4m2.940s
user	0m58.798s
sys	0m0.681s

real	4m5.604s
user	0m57.897s
sys	0m0.498s

real	4m6.544s
user	1m0.057s
sys	0m0.543s

real	4m6.980s
user	0m57.895s
sys	0m0.610s

real	4m8.489s
user	0m58.669s
sys	0m0.738s

real	4m8.960s
user	0m59.290s
sys	0m0.640s

real	4m9.044s
user	0m57.928s
sys	0m0.852s

real	4m9.733s
user	0m59.335s
sys	0m0.694s

real	4m11.780s
user	1m0.610s
sys	0m0.648s

real	4m11.999s
user	0m59.668s
sys	0m0.535s

real	4m13.687s
user	1m1.260s
sys	0m0.491s

real	4m15.022s
user	1m0.956s
sys	0m0.661s

real	4m15.818s
user	1m0.907s
sys	0m0.695s

real	4m15.877s
user	1m1.485s
sys	0m0.584s

real	4m16.787s
user	1m0.253s
sys	0m0.545s

real	4m20.818s
user	1m2.538s
sys	0m0.465s

real	4m21.022s
user	1m2.260s
sys	0m0.521s

real	4m24.347s
user	1m3.776s
sys	0m0.687s

real	4m27.735s
user	1m5.724s
sys	0m0.660s

real	4m28.084s
user	1m5.913s
sys	0m0.591s

real	4m28.769s
user	1m4.237s
sys	0m0.654s

real	4m28.836s
user	1m4.178s
sys	0m0.530s

real	4m29.454s
user	1m5.973s
sys	0m0.669s

real	4m30.049s
user	1m5.612s
sys	0m0.603s

real	4m30.132s
user	1m5.154s
sys	0m0.659s

real	4m30.172s
user	1m7.879s
sys	0m0.615s

real	4m31.737s
user	1m6.800s
sys	0m0.633s

real	4m32.144s
user	1m5.677s
sys	0m0.712s

real	4m38.986s
user	1m7.308s
sys	0m0.600s

real	4m40.688s
user	1m9.640s
sys	0m0.653s

real	4m41.070s
user	1m9.924s
sys	0m0.684s

real	4m42.607s
user	1m9.960s
sys	0m0.634s

real	4m42.772s
user	1m8.476s
sys	0m0.572s

real	4m44.920s
user	1m9.166s
sys	0m0.680s

real	4m45.257s
user	1m9.224s
sys	0m0.627s

real	4m45.480s
user	1m10.819s
sys	0m0.648s

real	4m50.497s
user	1m14.887s
sys	0m0.730s

real	4m51.968s
user	1m13.144s
sys	0m0.528s

real	4m54.183s
user	1m13.835s
sys	0m0.658s

real	4m54.146s
user	1m16.145s
sys	0m0.601s

real	4m54.146s
user	1m15.004s
sys	0m0.742s

real	4m54.833s
user	1m14.099s
sys	0m0.611s

real	4m55.065s
user	1m15.314s
sys	0m0.697s

real	4m56.011s
user	1m13.388s
sys	0m0.672s

real	4m56.530s
user	1m15.053s
sys	0m0.572s

real	4m57.294s
user	1m16.410s
sys	0m0.702s

real	4m57.685s
user	1m14.382s
sys	0m0.551s

real	4m57.648s
user	1m17.476s
sys	0m0.667s

real	4m58.891s
user	1m18.042s
sys	0m0.561s

real	4m58.949s
user	1m16.238s
sys	0m0.612s

real	4m58.977s
user	1m15.903s
sys	0m0.612s

real	4m59.450s
user	1m18.444s
sys	0m0.676s

real	4m59.476s
user	1m17.473s
sys	0m0.595s

real	4m59.658s
user	1m15.050s
sys	0m0.632s

real	4m59.879s
user	1m16.371s
sys	0m0.683s

real	5m0.257s
user	1m17.057s
sys	0m0.565s

real	5m0.759s
user	1m17.061s
sys	0m0.641s

real	5m0.860s
user	1m18.033s
sys	0m0.704s

real	5m0.973s
user	1m16.394s
sys	0m0.540s

real	5m1.218s
user	1m16.191s
sys	0m0.652s

real	5m1.553s
user	1m17.976s
sys	0m0.472s

real	5m4.178s
user	1m19.076s
sys	0m0.720s

real	5m4.647s
user	1m19.560s
sys	0m0.637s

real	5m5.882s
user	1m20.413s
sys	0m0.555s

real	5m6.200s
user	1m18.993s
sys	0m0.688s

real	5m6.299s
user	1m21.966s
sys	0m0.657s

real	5m6.282s
user	1m20.732s
sys	0m0.640s

real	5m6.996s
user	1m19.776s
sys	0m0.629s

real	5m7.118s
user	1m21.514s
sys	0m0.568s

real	5m7.943s
user	1m22.379s
sys	0m0.628s

real	5m10.126s
user	1m23.120s
sys	0m0.581s

real	5m10.328s
user	1m22.849s
sys	0m0.631s

real	5m10.583s
user	1m26.535s
sys	0m0.652s

real	5m11.206s
user	1m26.134s
sys	0m0.663s

real	5m11.480s
user	1m27.286s
sys	0m0.749s

real	5m11.622s
user	1m22.713s
sys	0m0.607s

real	5m11.951s
user	1m23.935s
sys	0m0.561s

real	5m12.577s
user	1m26.480s
sys	0m0.621s

real	5m12.777s
user	1m29.508s
sys	0m0.671s

real	5m13.116s
user	1m25.448s
sys	0m0.576s

real	5m13.736s
user	1m26.190s
sys	0m0.761s

real	5m13.722s
user	1m29.449s
sys	0m0.692s

real	5m14.769s
user	1m27.129s
sys	0m0.560s

real	5m15.189s
user	1m29.089s
sys	0m0.579s

real	5m15.282s
user	1m27.080s
sys	0m0.532s

real	5m15.285s
user	1m29.238s
sys	0m0.645s

real	5m15.360s
user	1m30.277s
sys	0m0.552s

real	5m15.557s
user	1m27.706s
sys	0m0.688s

real	5m15.689s
user	1m27.590s
sys	0m0.510s

real	5m15.791s
user	1m28.338s
sys	0m0.528s

real	5m15.817s
user	1m28.339s
sys	0m0.622s

real	5m16.240s
user	1m30.779s
sys	0m0.639s

real	5m16.653s
user	1m30.174s
sys	0m0.765s

real	5m16.654s
user	1m29.323s
sys	0m0.627s

real	5m16.756s
user	1m28.380s
sys	0m0.592s

real	5m17.091s
user	1m30.437s
sys	0m0.655s

real	5m17.321s
user	1m29.461s
sys	0m0.713s

real	5m18.057s
user	1m29.712s
sys	0m0.580s
exploit_nascar_dense 300 done at Mon 26 Feb 2024 05:31:52 PM EST

real	3m57.654s
user	0m57.193s
sys	0m0.612s

real	4m1.155s
user	0m56.482s
sys	0m0.588s

real	4m2.218s
user	0m57.813s
sys	0m0.560s

real	4m3.285s
user	0m57.490s
sys	0m0.500s

real	4m7.022s
user	0m59.628s
sys	0m0.640s

real	4m8.342s
user	0m58.174s
sys	0m0.520s

real	4m8.669s
user	0m58.291s
sys	0m0.492s

real	4m8.741s
user	0m59.896s
sys	0m0.557s

real	4m9.773s
user	0m58.366s
sys	0m0.581s

real	4m11.065s
user	0m59.447s
sys	0m0.452s

real	4m12.492s
user	0m59.749s
sys	0m0.716s

real	4m13.469s
user	0m59.831s
sys	0m0.501s

real	4m23.017s
user	1m2.467s
sys	0m0.567s

real	4m26.601s
user	1m3.900s
sys	0m0.568s

real	4m27.117s
user	1m4.568s
sys	0m0.595s

real	4m28.056s
user	1m4.669s
sys	0m0.566s

real	4m29.206s
user	1m4.820s
sys	0m0.819s

real	4m30.021s
user	1m5.443s
sys	0m0.572s

real	4m31.317s
user	1m7.064s
sys	0m0.496s

real	4m31.366s
user	1m4.471s
sys	0m0.548s

real	4m33.312s
user	1m4.763s
sys	0m0.608s

real	4m34.838s
user	1m5.730s
sys	0m0.552s

real	4m34.976s
user	1m7.675s
sys	0m0.664s

real	4m35.290s
user	1m6.319s
sys	0m0.512s

real	4m36.344s
user	1m8.374s
sys	0m0.560s

real	4m36.620s
user	1m6.989s
sys	0m0.563s

real	4m37.270s
user	1m6.949s
sys	0m0.581s

real	4m39.491s
user	1m6.968s
sys	0m0.599s

real	4m40.373s
user	1m7.498s
sys	0m0.597s

real	4m40.608s
user	1m6.958s
sys	0m0.600s

real	4m40.877s
user	1m7.335s
sys	0m0.597s

real	4m41.727s
user	1m7.039s
sys	0m0.677s

real	4m43.882s
user	1m9.161s
sys	0m0.520s

real	4m45.018s
user	1m10.358s
sys	0m0.702s

real	4m45.175s
user	1m9.986s
sys	0m0.739s

real	4m46.649s
user	1m10.686s
sys	0m0.670s

real	4m47.064s
user	1m10.683s
sys	0m0.662s

real	4m48.118s
user	1m10.385s
sys	0m0.532s

real	4m48.531s
user	1m12.638s
sys	0m0.725s

real	4m55.623s
user	1m14.349s
sys	0m0.611s

real	4m58.563s
user	1m18.025s
sys	0m0.540s

real	4m59.787s
user	1m18.671s
sys	0m0.540s

real	5m3.510s
user	1m17.364s
sys	0m0.667s

real	5m4.366s
user	1m19.522s
sys	0m0.577s

real	5m5.999s
user	1m17.471s
sys	0m0.667s

real	5m6.257s
user	1m15.910s
sys	0m0.628s

real	5m7.912s
user	1m17.166s
sys	0m0.520s

real	5m8.099s
user	1m17.773s
sys	0m0.580s

real	5m9.172s
user	1m18.349s
sys	0m0.607s

real	5m10.526s
user	1m18.952s
sys	0m0.628s

real	5m11.618s
user	1m20.305s
sys	0m0.512s

real	5m12.501s
user	1m21.731s
sys	0m0.827s

real	5m15.209s
user	1m22.402s
sys	0m0.489s

real	5m16.533s
user	1m22.937s
sys	0m0.566s

real	5m17.034s
user	1m26.879s
sys	0m0.613s

real	5m17.976s
user	1m23.470s
sys	0m0.559s

real	5m19.380s
user	1m26.484s
sys	0m0.645s

real	5m19.493s
user	1m27.277s
sys	0m0.540s

real	5m20.310s
user	1m25.132s
sys	0m0.549s

real	5m21.172s
user	1m26.351s
sys	0m0.580s

real	5m22.087s
user	1m25.686s
sys	0m0.719s

real	5m22.365s
user	1m27.739s
sys	0m0.476s

real	5m22.803s
user	1m24.621s
sys	0m0.585s

real	5m23.286s
user	1m29.011s
sys	0m0.620s

real	5m23.981s
user	1m27.615s
sys	0m0.689s

real	5m24.378s
user	1m27.207s
sys	0m0.612s

real	5m24.541s
user	1m30.016s
sys	0m0.659s

real	5m24.681s
user	1m27.614s
sys	0m0.664s

real	5m25.422s
user	1m30.368s
sys	0m0.690s

real	5m26.194s
user	1m30.337s
sys	0m0.663s

real	5m26.580s
user	1m28.015s
sys	0m0.732s

real	5m26.849s
user	1m28.944s
sys	0m0.588s

real	5m27.084s
user	1m28.683s
sys	0m0.545s

real	5m27.134s
user	1m30.400s
sys	0m0.564s

real	5m27.253s
user	1m29.027s
sys	0m0.560s

real	5m27.477s
user	1m30.928s
sys	0m0.710s

real	5m27.514s
user	1m27.938s
sys	0m0.496s

real	5m27.752s
user	1m32.427s
sys	0m0.537s

real	5m27.841s
user	1m30.628s
sys	0m0.606s

real	5m28.190s
user	1m30.516s
sys	0m0.622s

real	5m28.195s
user	1m30.104s
sys	0m0.703s

real	5m28.234s
user	1m31.020s
sys	0m0.582s

real	5m28.356s
user	1m30.498s
sys	0m0.507s

real	5m28.712s
user	1m30.695s
sys	0m0.532s

real	5m28.817s
user	1m33.757s
sys	0m0.559s

real	5m28.886s
user	1m32.319s
sys	0m0.540s

real	5m28.908s
user	1m32.192s
sys	0m0.532s

real	5m29.008s
user	1m33.387s
sys	0m0.572s

real	5m29.109s
user	1m31.042s
sys	0m0.705s

real	5m29.152s
user	1m31.824s
sys	0m0.657s

real	5m29.481s
user	1m31.137s
sys	0m0.611s

real	5m29.560s
user	1m30.206s
sys	0m0.597s

real	5m29.844s
user	1m32.962s
sys	0m0.549s

real	5m29.900s
user	1m32.811s
sys	0m0.583s

real	5m30.095s
user	1m32.315s
sys	0m0.672s

real	5m30.175s
user	1m30.357s
sys	0m0.524s

real	5m31.037s
user	1m35.249s
sys	0m0.619s

real	5m31.535s
user	1m34.921s
sys	0m0.672s

real	5m31.564s
user	1m34.070s
sys	0m0.528s

real	5m36.173s
user	1m35.793s
sys	0m0.563s
exploit_nascar_dense 400 done at Mon 26 Feb 2024 05:37:28 PM EST
